======================================================================
Pareto-Frontier Benchmark (SIFT, l2)
======================================================================
System: linux/x64, Node v22.19.0
CPU: AMD Ryzen 9 4900HS with Radeon Graphics (8 logical), RAM 11961.6 MB
Configs: pancake-wasm-int8, pancake-wasm-fp32, pancake-native-int8, pancake-native-fp32, usearch-int8, usearch-fp32, hnswlib-fp32

Loading dataset...
  Loading /mnt/c/pancake1.0.0/sift/sift_base.fvecs (first 1,000,000)...
  Loading /mnt/c/pancake1.0.0/sift/sift_query.fvecs (first 1,000)...
  Base:    1,000,000 vectors, 128D
  Queries: 1,000
  Metric:  l2
  k=10, M=8, ef_construction=50
  ef_search sweep: [10, 20, 40, 60, 80, 100, 150, 200, 300, 500, 800]
  Repetitions: 3, Warmup: 200
  Loading /mnt/c/pancake1.0.0/sift/sift_groundtruth.ivecs (ground truth)...
  Loaded precomputed ground truth: 1000 rows, first 10 neighbors each

======================================================================
Config: pancake-wasm-int8
======================================================================
  [i8 wasm] build (M=8, ef_c=50, metric=l2)...
  [i8 wasm] build: 214.8s, memory: 262.4 MB (rss +384.3 MB)

  ef_search=10
    rep 1: recall=56.24%  qps=13137  p50=0.071ms  p99=0.156ms
    rep 2: recall=56.24%  qps=13976  p50=0.067ms  p99=0.142ms
    rep 3: recall=56.24%  qps=14116  p50=0.066ms  p99=0.141ms
    summary: recall=56.24% (+/-0.00) qps=13743 (+/-432)

  ef_search=20
    rep 1: recall=70.00%  qps=9428  p50=0.101ms  p99=0.182ms
    rep 2: recall=70.00%  qps=9634  p50=0.100ms  p99=0.176ms
    rep 3: recall=70.00%  qps=9591  p50=0.100ms  p99=0.184ms
    summary: recall=70.00% (+/-0.00) qps=9551 (+/-89)

  ef_search=40
    rep 1: recall=81.25%  qps=5996  p50=0.163ms  p99=0.258ms
    rep 2: recall=81.25%  qps=6059  p50=0.163ms  p99=0.251ms
    rep 3: recall=81.25%  qps=6060  p50=0.161ms  p99=0.251ms
    summary: recall=81.25% (+/-0.00) qps=6038 (+/-30)

  ef_search=60
    rep 1: recall=86.55%  qps=4512  p50=0.222ms  p99=0.310ms
    rep 2: recall=86.55%  qps=4483  p50=0.224ms  p99=0.324ms
    rep 3: recall=86.55%  qps=4383  p50=0.227ms  p99=0.336ms
    summary: recall=86.55% (+/-0.00) qps=4459 (+/-55)

  ef_search=80
    rep 1: recall=89.64%  qps=3554  p50=0.284ms  p99=0.394ms
    rep 2: recall=89.64%  qps=3570  p50=0.282ms  p99=0.389ms
    rep 3: recall=89.64%  qps=3566  p50=0.282ms  p99=0.391ms
    summary: recall=89.64% (+/-0.00) qps=3563 (+/-6)

  ef_search=100
    rep 1: recall=91.52%  qps=2977  p50=0.340ms  p99=0.467ms
    rep 2: recall=91.52%  qps=2968  p50=0.342ms  p99=0.449ms
    rep 3: recall=91.52%  qps=2970  p50=0.342ms  p99=0.469ms
    summary: recall=91.52% (+/-0.00) qps=2972 (+/-4)

  ef_search=150
    rep 1: recall=94.14%  qps=2117  p50=0.482ms  p99=0.634ms
    rep 2: recall=94.14%  qps=2119  p50=0.482ms  p99=0.626ms
    rep 3: recall=94.14%  qps=2104  p50=0.488ms  p99=0.653ms
    summary: recall=94.14% (+/-0.00) qps=2113 (+/-7)

  ef_search=200
    rep 1: recall=95.41%  qps=1650  p50=0.620ms  p99=0.838ms
    rep 2: recall=95.41%  qps=1653  p50=0.621ms  p99=0.824ms
    rep 3: recall=95.41%  qps=1652  p50=0.620ms  p99=0.830ms
    summary: recall=95.41% (+/-0.00) qps=1652 (+/-1)

  ef_search=300
    rep 1: recall=96.79%  qps=1166  p50=0.888ms  p99=1.104ms
    rep 2: recall=96.79%  qps=1176  p50=0.881ms  p99=1.102ms
    rep 3: recall=96.79%  qps=1170  p50=0.880ms  p99=1.155ms
    summary: recall=96.79% (+/-0.00) qps=1170 (+/-4)

  ef_search=500
    rep 1: recall=97.73%  qps=750  p50=1.382ms  p99=1.724ms
    rep 2: recall=97.73%  qps=750  p50=1.382ms  p99=1.726ms
    rep 3: recall=97.73%  qps=752  p50=1.375ms  p99=1.742ms
    summary: recall=97.73% (+/-0.00) qps=751 (+/-1)

  ef_search=800
    rep 1: recall=98.20%  qps=474  p50=2.134ms  p99=3.153ms
    rep 2: recall=98.20%  qps=494  p50=2.088ms  p99=2.649ms
    rep 3: recall=98.20%  qps=497  p50=2.081ms  p99=2.572ms
    summary: recall=98.20% (+/-0.00) qps=488 (+/-11)

======================================================================
Config: pancake-wasm-fp32
======================================================================
  [f32 wasm] build (M=8, ef_c=50, metric=l2)...
  [f32 wasm] build: 250.5s, memory: 555.6 MB (rss +298.2 MB)

  ef_search=10
    rep 1: recall=57.12%  qps=11486  p50=0.082ms  p99=0.158ms
    rep 2: recall=57.12%  qps=11726  p50=0.079ms  p99=0.170ms
    rep 3: recall=57.12%  qps=11977  p50=0.080ms  p99=0.151ms
    summary: recall=57.12% (+/-0.00) qps=11730 (+/-201)

  ef_search=20
    rep 1: recall=70.55%  qps=7957  p50=0.120ms  p99=0.215ms
    rep 2: recall=70.55%  qps=8069  p50=0.120ms  p99=0.202ms
    rep 3: recall=70.55%  qps=7852  p50=0.123ms  p99=0.222ms
    summary: recall=70.55% (+/-0.00) qps=7959 (+/-89)

  ef_search=40
    rep 1: recall=81.79%  qps=5046  p50=0.195ms  p99=0.304ms
    rep 2: recall=81.79%  qps=5063  p50=0.194ms  p99=0.293ms
    rep 3: recall=81.79%  qps=5022  p50=0.196ms  p99=0.305ms
    summary: recall=81.79% (+/-0.00) qps=5044 (+/-17)

  ef_search=60
    rep 1: recall=86.99%  qps=3700  p50=0.270ms  p99=0.398ms
    rep 2: recall=86.99%  qps=3722  p50=0.270ms  p99=0.401ms
    rep 3: recall=86.99%  qps=3736  p50=0.270ms  p99=0.391ms
    summary: recall=86.99% (+/-0.00) qps=3719 (+/-15)

  ef_search=80
    rep 1: recall=90.03%  qps=2981  p50=0.339ms  p99=0.481ms
    rep 2: recall=90.03%  qps=2988  p50=0.339ms  p99=0.466ms
    rep 3: recall=90.03%  qps=2995  p50=0.338ms  p99=0.453ms
    summary: recall=90.03% (+/-0.00) qps=2988 (+/-6)

  ef_search=100
    rep 1: recall=91.86%  qps=2505  p50=0.407ms  p99=0.548ms
    rep 2: recall=91.86%  qps=2497  p50=0.408ms  p99=0.543ms
    rep 3: recall=91.86%  qps=2502  p50=0.408ms  p99=0.529ms
    summary: recall=91.86% (+/-0.00) qps=2502 (+/-3)

  ef_search=150
    rep 1: recall=94.33%  qps=1780  p50=0.574ms  p99=0.753ms
    rep 2: recall=94.33%  qps=1726  p50=0.588ms  p99=0.813ms
    rep 3: recall=94.33%  qps=1779  p50=0.574ms  p99=0.753ms
    summary: recall=94.33% (+/-0.00) qps=1762 (+/-25)

  ef_search=200
    rep 1: recall=96.01%  qps=1398  p50=0.740ms  p99=0.929ms
    rep 2: recall=96.01%  qps=1401  p50=0.735ms  p99=0.941ms
    rep 3: recall=96.01%  qps=1395  p50=0.738ms  p99=0.941ms
    summary: recall=96.01% (+/-0.00) qps=1398 (+/-2)

  ef_search=300
    rep 1: recall=97.25%  qps=978  p50=1.054ms  p99=1.332ms
    rep 2: recall=97.25%  qps=983  p50=1.055ms  p99=1.307ms
    rep 3: recall=97.25%  qps=983  p50=1.056ms  p99=1.289ms
    summary: recall=97.25% (+/-0.00) qps=982 (+/-2)

  ef_search=500
    rep 1: recall=98.27%  qps=635  p50=1.632ms  p99=2.010ms
    rep 2: recall=98.27%  qps=636  p50=1.626ms  p99=2.042ms
    rep 3: recall=98.27%  qps=638  p50=1.624ms  p99=2.014ms
    summary: recall=98.27% (+/-0.00) qps=636 (+/-1)

  ef_search=800
    rep 1: recall=98.81%  qps=400  p50=2.485ms  p99=5.178ms
    rep 2: recall=98.81%  qps=422  p50=2.447ms  p99=3.069ms
    rep 3: recall=98.81%  qps=421  p50=2.450ms  p99=3.128ms
    summary: recall=98.81% (+/-0.00) qps=414 (+/-10)

======================================================================
Config: pancake-native-int8
======================================================================
  [i8 native] build (M=8, ef_c=50, metric=l2)...
  [i8 native] build: 176.4s, memory: 262.4 MB (rss +797.1 MB)

  ef_search=10
    rep 1: recall=56.80%  qps=5406  p50=0.081ms  p99=0.201ms
    rep 2: recall=56.80%  qps=14039  p50=0.067ms  p99=0.136ms
    rep 3: recall=56.80%  qps=13516  p50=0.069ms  p99=0.143ms
    summary: recall=56.80% (+/-0.00) qps=10987 (+/-3952)

  ef_search=20
    rep 1: recall=69.92%  qps=8712  p50=0.110ms  p99=0.207ms
    rep 2: recall=69.92%  qps=8763  p50=0.108ms  p99=0.205ms
    rep 3: recall=69.92%  qps=10598  p50=0.089ms  p99=0.183ms
    summary: recall=69.92% (+/-0.00) qps=9358 (+/-878)

  ef_search=40
    rep 1: recall=81.66%  qps=6796  p50=0.144ms  p99=0.247ms
    rep 2: recall=81.66%  qps=6901  p50=0.142ms  p99=0.229ms
    rep 3: recall=81.66%  qps=6778  p50=0.143ms  p99=0.259ms
    summary: recall=81.66% (+/-0.00) qps=6825 (+/-54)

  ef_search=60
    rep 1: recall=86.69%  qps=5122  p50=0.194ms  p99=0.308ms
    rep 2: recall=86.69%  qps=5087  p50=0.195ms  p99=0.314ms
    rep 3: recall=86.69%  qps=4859  p50=0.199ms  p99=0.321ms
    summary: recall=86.69% (+/-0.00) qps=5023 (+/-116)

  ef_search=80
    rep 1: recall=89.66%  qps=3921  p50=0.251ms  p99=0.445ms
    rep 2: recall=89.66%  qps=2973  p50=0.334ms  p99=0.533ms
    rep 3: recall=89.66%  qps=3401  p50=0.292ms  p99=0.439ms
    summary: recall=89.66% (+/-0.00) qps=3432 (+/-388)

  ef_search=100
    rep 1: recall=91.35%  qps=2842  p50=0.353ms  p99=0.514ms
    rep 2: recall=91.35%  qps=2759  p50=0.366ms  p99=0.529ms
    rep 3: recall=91.35%  qps=2901  p50=0.348ms  p99=0.500ms
    summary: recall=91.35% (+/-0.00) qps=2834 (+/-58)

  ef_search=150
    rep 1: recall=94.13%  qps=2077  p50=0.491ms  p99=0.692ms
    rep 2: recall=94.13%  qps=2227  p50=0.457ms  p99=0.647ms
    rep 3: recall=94.13%  qps=2148  p50=0.466ms  p99=0.681ms
    summary: recall=94.13% (+/-0.00) qps=2151 (+/-61)

  ef_search=200
    rep 1: recall=95.41%  qps=1912  p50=0.535ms  p99=0.697ms
    rep 2: recall=95.41%  qps=1923  p50=0.535ms  p99=0.716ms
    rep 3: recall=95.41%  qps=1918  p50=0.536ms  p99=0.721ms
    summary: recall=95.41% (+/-0.00) qps=1918 (+/-4)

  ef_search=300
    rep 1: recall=96.75%  qps=1356  p50=0.759ms  p99=1.028ms
    rep 2: recall=96.75%  qps=1379  p50=0.752ms  p99=0.968ms
    rep 3: recall=96.75%  qps=1355  p50=0.757ms  p99=1.020ms
    summary: recall=96.75% (+/-0.00) qps=1363 (+/-11)

  ef_search=500
    rep 1: recall=97.78%  qps=884  p50=1.172ms  p99=1.497ms
    rep 2: recall=97.78%  qps=872  p50=1.185ms  p99=1.542ms
    rep 3: recall=97.78%  qps=860  p50=1.195ms  p99=1.554ms
    summary: recall=97.78% (+/-0.00) qps=872 (+/-10)

  ef_search=800
    rep 1: recall=98.17%  qps=585  p50=1.763ms  p99=2.247ms
    rep 2: recall=98.17%  qps=588  p50=1.755ms  p99=2.275ms
    rep 3: recall=98.17%  qps=582  p50=1.776ms  p99=2.272ms
    summary: recall=98.17% (+/-0.00) qps=585 (+/-2)

======================================================================
Config: pancake-native-fp32
======================================================================
  [f32 native] build (M=8, ef_c=50, metric=l2)...
  [f32 native] build: 174.7s, memory: 555.6 MB (rss +1060.4 MB)

  ef_search=10
    rep 1: recall=57.12%  qps=12077  p50=0.058ms  p99=0.154ms
    rep 2: recall=57.12%  qps=18288  p50=0.052ms  p99=0.125ms
    rep 3: recall=57.12%  qps=18449  p50=0.051ms  p99=0.113ms
    summary: recall=57.12% (+/-0.00) qps=16271 (+/-2967)

  ef_search=20
    rep 1: recall=70.55%  qps=12175  p50=0.078ms  p99=0.148ms
    rep 2: recall=70.55%  qps=11938  p50=0.079ms  p99=0.169ms
    rep 3: recall=70.55%  qps=12082  p50=0.078ms  p99=0.156ms
    summary: recall=70.55% (+/-0.00) qps=12065 (+/-97)

  ef_search=40
    rep 1: recall=81.79%  qps=7245  p50=0.133ms  p99=0.240ms
    rep 2: recall=81.79%  qps=6879  p50=0.139ms  p99=0.242ms
    rep 3: recall=81.79%  qps=6806  p50=0.141ms  p99=0.249ms
    summary: recall=81.79% (+/-0.00) qps=6977 (+/-192)

  ef_search=60
    rep 1: recall=86.99%  qps=5006  p50=0.194ms  p99=0.311ms
    rep 2: recall=86.99%  qps=4961  p50=0.195ms  p99=0.321ms
    rep 3: recall=86.99%  qps=4947  p50=0.197ms  p99=0.311ms
    summary: recall=86.99% (+/-0.00) qps=4971 (+/-25)

  ef_search=80
    rep 1: recall=90.03%  qps=3780  p50=0.259ms  p99=0.413ms
    rep 2: recall=90.03%  qps=3829  p50=0.255ms  p99=0.381ms
    rep 3: recall=90.03%  qps=3922  p50=0.248ms  p99=0.400ms
    summary: recall=90.03% (+/-0.00) qps=3844 (+/-59)

  ef_search=100
    rep 1: recall=91.86%  qps=3248  p50=0.305ms  p99=0.442ms
    rep 2: recall=91.86%  qps=3367  p50=0.294ms  p99=0.439ms
    rep 3: recall=91.86%  qps=3344  p50=0.296ms  p99=0.429ms
    summary: recall=91.86% (+/-0.00) qps=3320 (+/-52)

  ef_search=150
    rep 1: recall=94.33%  qps=2534  p50=0.396ms  p99=0.546ms
    rep 2: recall=94.33%  qps=2589  p50=0.393ms  p99=0.532ms
    rep 3: recall=94.33%  qps=2577  p50=0.391ms  p99=0.544ms
    summary: recall=94.33% (+/-0.00) qps=2567 (+/-24)

  ef_search=200
    rep 1: recall=96.01%  qps=2003  p50=0.511ms  p99=0.663ms
    rep 2: recall=96.01%  qps=1992  p50=0.510ms  p99=0.688ms
    rep 3: recall=96.01%  qps=2009  p50=0.507ms  p99=0.654ms
    summary: recall=96.01% (+/-0.00) qps=2001 (+/-7)

  ef_search=300
    rep 1: recall=97.25%  qps=1383  p50=0.744ms  p99=0.966ms
    rep 2: recall=97.25%  qps=1368  p50=0.753ms  p99=0.957ms
    rep 3: recall=97.25%  qps=1385  p50=0.740ms  p99=0.939ms
    summary: recall=97.25% (+/-0.00) qps=1379 (+/-7)

  ef_search=500
    rep 1: recall=98.27%  qps=880  p50=1.159ms  p99=1.453ms
    rep 2: recall=98.27%  qps=840  p50=1.220ms  p99=1.551ms
    rep 3: recall=98.27%  qps=792  p50=1.286ms  p99=1.844ms
    summary: recall=98.27% (+/-0.00) qps=837 (+/-36)

  ef_search=800
    rep 1: recall=98.81%  qps=574  p50=1.787ms  p99=2.272ms
    rep 2: recall=98.81%  qps=584  p50=1.764ms  p99=2.189ms
    rep 3: recall=98.81%  qps=584  p50=1.770ms  p99=2.173ms
    summary: recall=98.81% (+/-0.00) qps=580 (+/-5)

======================================================================
Config: usearch-int8
======================================================================
  [usearch-i8] build (connectivity=8, expansion_add=50, metric=l2sq, quantization=i8)...
  [usearch-i8] build: 137.0s, index file: 203.2 MB (rss +277.9 MB, saved to /mnt/c/pancake1.0.0/benchmark_results/_usearch_i8_2026-07-07T19-37-32-563Z.bin)

  ef_search=10
    rep 1: recall=50.29%  qps=10605  p50=0.068ms  p99=0.733ms
    rep 2: recall=50.29%  qps=15854  p50=0.059ms  p99=0.131ms
    rep 3: recall=50.29%  qps=15862  p50=0.059ms  p99=0.131ms
    summary: recall=50.29% (+/-0.00) qps=14107 (+/-2476)

  ef_search=20
    rep 1: recall=63.72%  qps=11406  p50=0.084ms  p99=0.160ms
    rep 2: recall=63.72%  qps=11263  p50=0.084ms  p99=0.176ms
    rep 3: recall=63.72%  qps=11212  p50=0.085ms  p99=0.166ms
    summary: recall=63.72% (+/-0.00) qps=11294 (+/-82)

  ef_search=40
    rep 1: recall=74.38%  qps=7435  p50=0.130ms  p99=0.228ms
    rep 2: recall=74.38%  qps=6335  p50=0.150ms  p99=0.324ms
    rep 3: recall=74.38%  qps=6553  p50=0.147ms  p99=0.256ms
    summary: recall=74.38% (+/-0.00) qps=6775 (+/-476)

  ef_search=60
    rep 1: recall=79.77%  qps=4841  p50=0.201ms  p99=0.353ms
    rep 2: recall=79.77%  qps=4594  p50=0.212ms  p99=0.368ms
    rep 3: recall=79.77%  qps=4864  p50=0.203ms  p99=0.339ms
    summary: recall=79.77% (+/-0.00) qps=4766 (+/-122)

  ef_search=80
    rep 1: recall=82.69%  qps=3887  p50=0.247ms  p99=0.496ms
    rep 2: recall=82.69%  qps=4010  p50=0.246ms  p99=0.395ms
    rep 3: recall=82.69%  qps=4025  p50=0.247ms  p99=0.384ms
    summary: recall=82.69% (+/-0.00) qps=3974 (+/-62)

  ef_search=100
    rep 1: recall=84.63%  qps=3458  p50=0.289ms  p99=0.436ms
    rep 2: recall=84.63%  qps=3723  p50=0.269ms  p99=0.419ms
    rep 3: recall=84.63%  qps=3473  p50=0.282ms  p99=0.460ms
    summary: recall=84.63% (+/-0.00) qps=3551 (+/-122)

  ef_search=150
    rep 1: recall=87.29%  qps=2700  p50=0.374ms  p99=0.589ms
    rep 2: recall=87.29%  qps=2714  p50=0.375ms  p99=0.518ms
    rep 3: recall=87.29%  qps=2694  p50=0.376ms  p99=0.543ms
    summary: recall=87.29% (+/-0.00) qps=2703 (+/-8)

  ef_search=200
    rep 1: recall=88.59%  qps=2130  p50=0.478ms  p99=0.693ms
    rep 2: recall=88.59%  qps=2133  p50=0.479ms  p99=0.656ms
    rep 3: recall=88.59%  qps=2130  p50=0.478ms  p99=0.698ms
    summary: recall=88.59% (+/-0.00) qps=2131 (+/-1)

  ef_search=300
    rep 1: recall=89.76%  qps=1511  p50=0.681ms  p99=0.918ms
    rep 2: recall=89.76%  qps=1521  p50=0.676ms  p99=0.926ms
    rep 3: recall=89.76%  qps=1517  p50=0.675ms  p99=0.942ms
    summary: recall=89.76% (+/-0.00) qps=1516 (+/-4)

  ef_search=500
    rep 1: recall=90.54%  qps=946  p50=1.084ms  p99=1.455ms
    rep 2: recall=90.54%  qps=971  p50=1.068ms  p99=1.336ms
    rep 3: recall=90.54%  qps=959  p50=1.077ms  p99=1.388ms
    summary: recall=90.54% (+/-0.00) qps=959 (+/-10)

  ef_search=800
    rep 1: recall=90.89%  qps=631  p50=1.635ms  p99=2.086ms
    rep 2: recall=90.89%  qps=630  p50=1.638ms  p99=2.076ms
    rep 3: recall=90.89%  qps=623  p50=1.661ms  p99=2.139ms
    summary: recall=90.89% (+/-0.00) qps=628 (+/-3)

======================================================================
Config: usearch-fp32
======================================================================
  [usearch-f32] build (connectivity=8, expansion_add=50, metric=l2sq, quantization=f32)...
  [usearch-f32] build: 230.9s, index file: 569.4 MB (rss +668.1 MB, saved to /mnt/c/pancake1.0.0/benchmark_results/_usearch_f32_2026-07-07T19-37-32-563Z.bin)

  ef_search=10
    rep 1: recall=52.00%  qps=1467  p50=0.324ms  p99=5.123ms
    rep 2: recall=52.00%  qps=9949  p50=0.096ms  p99=0.189ms
    rep 3: recall=52.00%  qps=9945  p50=0.096ms  p99=0.181ms
    summary: recall=52.00% (+/-0.00) qps=7120 (+/-3998)

  ef_search=20
    rep 1: recall=65.63%  qps=5550  p50=0.150ms  p99=0.874ms
    rep 2: recall=65.63%  qps=6839  p50=0.141ms  p99=0.266ms
    rep 3: recall=65.63%  qps=6830  p50=0.141ms  p99=0.251ms
    summary: recall=65.63% (+/-0.00) qps=6406 (+/-606)

  ef_search=40
    rep 1: recall=78.55%  qps=4216  p50=0.227ms  p99=0.725ms
    rep 2: recall=78.55%  qps=4524  p50=0.219ms  p99=0.339ms
    rep 3: recall=78.55%  qps=4473  p50=0.222ms  p99=0.347ms
    summary: recall=78.55% (+/-0.00) qps=4404 (+/-135)

  ef_search=60
    rep 1: recall=84.56%  qps=3277  p50=0.306ms  p99=0.471ms
    rep 2: recall=84.56%  qps=2825  p50=0.342ms  p99=0.644ms
    rep 3: recall=84.56%  qps=2957  p50=0.333ms  p99=0.557ms
    summary: recall=84.56% (+/-0.00) qps=3020 (+/-190)

  ef_search=80
    rep 1: recall=88.23%  qps=2236  p50=0.440ms  p99=0.715ms
    rep 2: recall=88.23%  qps=2592  p50=0.389ms  p99=0.593ms
    rep 3: recall=88.23%  qps=2605  p50=0.387ms  p99=0.591ms
    summary: recall=88.23% (+/-0.00) qps=2478 (+/-171)

  ef_search=100
    rep 1: recall=90.71%  qps=2141  p50=0.470ms  p99=0.676ms
    rep 2: recall=90.71%  qps=2207  p50=0.461ms  p99=0.640ms
    rep 3: recall=90.71%  qps=2160  p50=0.471ms  p99=0.641ms
    summary: recall=90.71% (+/-0.00) qps=2169 (+/-28)

  ef_search=150
    rep 1: recall=93.74%  qps=1551  p50=0.668ms  p99=0.850ms
    rep 2: recall=93.74%  qps=1545  p50=0.664ms  p99=0.875ms
    rep 3: recall=93.74%  qps=1514  p50=0.674ms  p99=0.924ms
    summary: recall=93.74% (+/-0.00) qps=1537 (+/-17)

  ef_search=200
    rep 1: recall=95.38%  qps=1189  p50=0.867ms  p99=1.135ms
    rep 2: recall=95.38%  qps=1181  p50=0.876ms  p99=1.157ms
    rep 3: recall=95.38%  qps=1140  p50=0.898ms  p99=1.205ms
    summary: recall=95.38% (+/-0.00) qps=1170 (+/-21)

  ef_search=300
    rep 1: recall=96.90%  qps=639  p50=1.476ms  p99=2.560ms
    rep 2: recall=96.90%  qps=801  p50=1.288ms  p99=1.720ms
    rep 3: recall=96.90%  qps=818  p50=1.263ms  p99=1.711ms
    summary: recall=96.90% (+/-0.00) qps=753 (+/-81)

  ef_search=500
    rep 1: recall=98.05%  qps=541  p50=1.931ms  p99=2.368ms
    rep 2: recall=98.05%  qps=542  p50=1.921ms  p99=2.343ms
    rep 3: recall=98.05%  qps=356  p50=2.832ms  p99=4.141ms
    summary: recall=98.05% (+/-0.00) qps=480 (+/-87)

  ef_search=800
    rep 1: recall=98.62%  qps=311  p50=3.040ms  p99=5.826ms
    rep 2: recall=98.62%  qps=369  p50=2.820ms  p99=3.436ms
    rep 3: recall=98.62%  qps=362  p50=2.871ms  p99=3.564ms
    summary: recall=98.62% (+/-0.00) qps=348 (+/-26)

======================================================================
Config: hnswlib-fp32
======================================================================
  [hnswlib-f32] build (M=8, ef_c=50, metric=l2)...
  [hnswlib-f32] build: 153.4s, estimated memory: 614.0 MB RSS

  ef_search=10
    rep 1: recall=52.18%  qps=15671  p50=0.060ms  p99=0.134ms
    rep 2: recall=52.18%  qps=16232  p50=0.059ms  p99=0.117ms
    rep 3: recall=52.18%  qps=16098  p50=0.060ms  p99=0.116ms
    summary: recall=52.18% (+/-0.00) qps=16000 (+/-239)

  ef_search=20
    rep 1: recall=65.91%  qps=12011  p50=0.080ms  p99=0.150ms
    rep 2: recall=65.91%  qps=11979  p50=0.079ms  p99=0.162ms
    rep 3: recall=65.91%  qps=11138  p50=0.084ms  p99=0.177ms
    summary: recall=65.91% (+/-0.00) qps=11709 (+/-404)

  ef_search=40
    rep 1: recall=78.05%  qps=5371  p50=0.181ms  p99=0.334ms
    rep 2: recall=78.05%  qps=5969  p50=0.163ms  p99=0.293ms
    rep 3: recall=78.05%  qps=6542  p50=0.149ms  p99=0.268ms
    summary: recall=78.05% (+/-0.00) qps=5961 (+/-478)

  ef_search=60
    rep 1: recall=84.50%  qps=5177  p50=0.191ms  p99=0.299ms
    rep 2: recall=84.50%  qps=5642  p50=0.172ms  p99=0.284ms
    rep 3: recall=84.50%  qps=5643  p50=0.172ms  p99=0.297ms
    summary: recall=84.50% (+/-0.00) qps=5487 (+/-220)

  ef_search=80
    rep 1: recall=88.24%  qps=4628  p50=0.211ms  p99=0.348ms
    rep 2: recall=88.24%  qps=4551  p50=0.213ms  p99=0.354ms
    rep 3: recall=88.24%  qps=4449  p50=0.221ms  p99=0.350ms
    summary: recall=88.24% (+/-0.00) qps=4543 (+/-73)

  ef_search=100
    rep 1: recall=90.76%  qps=3736  p50=0.267ms  p99=0.401ms
    rep 2: recall=90.76%  qps=3766  p50=0.263ms  p99=0.414ms
    rep 3: recall=90.76%  qps=3461  p50=0.291ms  p99=0.418ms
    summary: recall=90.76% (+/-0.00) qps=3654 (+/-137)

  ef_search=150
    rep 1: recall=93.74%  qps=2561  p50=0.396ms  p99=0.541ms
    rep 2: recall=93.74%  qps=2652  p50=0.383ms  p99=0.533ms
    rep 3: recall=93.74%  qps=2657  p50=0.381ms  p99=0.556ms
    summary: recall=93.74% (+/-0.00) qps=2623 (+/-44)

  ef_search=200
    rep 1: recall=95.42%  qps=2181  p50=0.466ms  p99=0.659ms
    rep 2: recall=95.42%  qps=2287  p50=0.438ms  p99=0.629ms
    rep 3: recall=95.42%  qps=2506  p50=0.407ms  p99=0.559ms
    summary: recall=95.42% (+/-0.00) qps=2325 (+/-135)

  ef_search=300
    rep 1: recall=97.15%  qps=1756  p50=0.586ms  p99=0.775ms
    rep 2: recall=97.15%  qps=1764  p50=0.584ms  p99=0.783ms
    rep 3: recall=97.15%  qps=1766  p50=0.583ms  p99=0.754ms
    summary: recall=97.15% (+/-0.00) qps=1762 (+/-4)

  ef_search=500
    rep 1: recall=98.50%  qps=1127  p50=0.920ms  p99=1.166ms
    rep 2: recall=98.50%  qps=1127  p50=0.916ms  p99=1.149ms
    rep 3: recall=98.50%  qps=1128  p50=0.915ms  p99=1.174ms
    summary: recall=98.50% (+/-0.00) qps=1127 (+/-0)

  ef_search=800
    rep 1: recall=99.13%  qps=726  p50=1.399ms  p99=2.024ms
    rep 2: recall=99.13%  qps=656  p50=1.562ms  p99=2.082ms
    rep 3: recall=99.13%  qps=633  p50=1.623ms  p99=2.127ms
    summary: recall=99.13% (+/-0.00) qps=672 (+/-40)
  plot:           Saved: /mnt/c/pancake1.0.0/benchmark_results/pareto_sift_2026-07-07T19-37-32-563Z.png

======================================================================
Pareto frontiers (non-dominated QPS-recall points)
======================================================================

  pancake-wasm-int8
       ef    recall        qps
       10    56.24%      13743
       20    70.00%       9551
       40    81.25%       6038
       60    86.55%       4459
       80    89.64%       3563
      100    91.52%       2972
      150    94.14%       2113
      200    95.41%       1652
      300    96.79%       1170
      500    97.73%        751
      800    98.20%        488

  pancake-wasm-fp32
       ef    recall        qps
       10    57.12%      11730
       20    70.55%       7959
       40    81.79%       5044
       60    86.99%       3719
       80    90.03%       2988
      100    91.86%       2502
      150    94.33%       1762
      200    96.01%       1398
      300    97.25%        982
      500    98.27%        636
      800    98.81%        414

  pancake-native-int8
       ef    recall        qps
       10    56.80%      10987
       20    69.92%       9358
       40    81.66%       6825
       60    86.69%       5023
       80    89.66%       3432
      100    91.35%       2834
      150    94.13%       2151
      200    95.41%       1918
      300    96.75%       1363
      500    97.78%        872
      800    98.17%        585

  pancake-native-fp32
       ef    recall        qps
       10    57.12%      16271
       20    70.55%      12065
       40    81.79%       6977
       60    86.99%       4971
       80    90.03%       3844
      100    91.86%       3320
      150    94.33%       2567
      200    96.01%       2001
      300    97.25%       1379
      500    98.27%        837
      800    98.81%        580

  usearch-int8
       ef    recall        qps
       10    50.29%      14107
       20    63.72%      11294
       40    74.38%       6775
       60    79.77%       4766
       80    82.69%       3974
      100    84.63%       3551
      150    87.29%       2703
      200    88.59%       2131
      300    89.76%       1516
      500    90.54%        959
      800    90.89%        628

  usearch-fp32
       ef    recall        qps
       10    52.00%       7120
       20    65.63%       6406
       40    78.55%       4404
       60    84.56%       3020
       80    88.23%       2478
      100    90.71%       2169
      150    93.74%       1537
      200    95.38%       1170
      300    96.90%        753
      500    98.05%        480
      800    98.62%        348

  hnswlib-fp32
       ef    recall        qps
       10    52.18%      16000
       20    65.91%      11709
       40    78.05%       5961
       60    84.50%       5487
       80    88.24%       4543
      100    90.76%       3654
      150    93.74%       2623
      200    95.42%       2325
      300    97.15%       1762
      500    98.50%       1127
      800    99.13%        672

======================================================================
Interpolated equal-recall QPS (log-linear along each frontier)
  Blank = recall target outside that library's frontier span.
======================================================================

   recall   pancake-wasm-int8   pancake-wasm-fp32 pancake-native-int8 pancake-native-fp32        usearch-int8        usearch-fp32        hnswlib-fp32
  ---------------------------------------------------------------------------------------------------------------------------------------------------
    50.3%                 n/a                 n/a                 n/a                 n/a               14107                 n/a                 n/a
    52.0%                 n/a                 n/a                 n/a                 n/a               13713                7120                 n/a
    52.2%                 n/a                 n/a                 n/a                 n/a               13672                7110               16000
    56.2%               13743                 n/a                 n/a                 n/a               12783                6890               14589
    56.4%               13687                 n/a                 n/a                 n/a               12751                6882               14538
    56.8%               13541                 n/a               10987                 n/a               12665                6860               14405
    57.1%               13427               11730               10944               16271               12598                6843               14300
    62.5%               11646               10042               10247               14434               11524                6563               12653
    63.7%               11276                9694               10095               14047               11294                6502               12307
    65.6%               10721                9174                9862               13462               10306                6406               11784
    65.9%               10642                9100                9828               13378               10168                6354               11709
    68.6%                9910                8419                9509               12599                8936                5876               10079
    69.9%                9571                8105                9358               12235                8390                5657                9369
    70.0%                9551                8087                9337               12214                8358                5643                9327
    70.5%                9339                7959                9200               12065                8140                5554                9046
    74.4%                7989                6813                8300               10011                6775                4970                7310
    74.7%                7883                6723                8227                9851                6630                4923                7177
    78.0%                6879                5871                7521                8372                5332                4469                5961
    78.5%                6741                5753                7420                8170                5161                4404                5923
    79.8%                6414                5475                7181                7698                4766                4079                5831
    80.8%                6146                5247                6982                7316                4466                3820                5753
    81.2%                6038                5156                6901                7163                4347                3717                5721
    81.7%                5898                5071                6825                7021                4237                3623                5691
    81.8%                5855                5044                6771                6977                4203                3593                5681
    82.7%                5561                4785                6410                6579                3974                3396                5616
    84.5%                5014                4304                5740                5847                3578                3031                5487
    84.6%                4997                4288                5719                5824                3566                3020                5471
    84.6%                4977                4271                5695                5798                3551                3008                5451
    86.5%                4459                3817                5066                5116                2916                2713                4948
    86.7%                4414                3785                5023                5070                2874                2692                4913
    86.9%                4341                3735                4877                4994                2807                2659                4856
    87.0%                4319                3719                4833                4971                2787                2649                4839
    87.3%                4226                3640                4651                4847                2703                2607                4766
    88.2%                3947                3402                4122                4476                2276                2478                4545
    88.2%                3945                3399                4117                4472                2272                2477                4543
    88.6%                3846                3314                3936                4342                2131                2430                4408
    89.6%                3563                3073                3440                3973                1570                2297                4025
    89.7%                3557                3069                3432                3966                1561                2295                4019
    89.8%                3522                3047                3393                3933                1516                2283                3984
    90.0%                3432                2988                3291                3844                1294                2250                3892
    90.5%                3267                2844                3106                3690                 959                2189                3724
    90.7%                3214                2797                3047                3640                 781                2169                3670
    90.8%                3198                2783                3030                3625                 735                2157                3654
    90.9%                3158                2749                2985                3588                 628                2125                3602
    91.3%                3021                2628                2834                3458                 n/a                2017                3422
    91.5%                2972                2585                2786                3411                 n/a                1978                3358
    91.9%                2843                2502                2694                3320                 n/a                1903                3234
    93.0%                2443                2120                2400                2940                 n/a                1667                2841
    93.7%                2226                1916                2236                2729                 n/a                1537                2623
    94.1%                2116                1813                2151                2621                 n/a                1440                2551
    94.1%                2113                1810                2149                2618                 n/a                1438                2549
    94.3%                2037                1762                2113                2567                 n/a                1393                2514
    95.4%                1661                1525                1923                2197                 n/a                1170                2332
    95.4%                1652                1518                1918                2187                 n/a                1160                2326
    95.4%                1648                1516                1913                2184                 n/a                1156                2325
    96.0%                1422                1398                1646                2001                 n/a                 974                2115
    96.7%                1182                1132                1363                1602                 n/a                 786                1878
    96.8%                1170                1119                1340                1583                 n/a                 777                1866
    96.9%                1111                1085                1277                1532                 n/a                 753                1834
    97.1%                 987                1010                1146                1421                 n/a                 682                1762
    97.2%                 942                 982                1097                1379                 n/a                 656                1705
    97.7%                 751                 800                 891                1090                 n/a                 544                1454
    97.8%                 717                 784                 872                1064                 n/a                 533                1430
    98.0%                 560                 699                 661                 932                 n/a                 480                1308
    98.2%                 502                 664                 585                 879                 n/a                 448                1257
    98.2%                 488                 655                 n/a                 866                 n/a                 441                1245
    98.3%                 n/a                 636                 n/a                 837                 n/a                 424                1216
    98.5%                 n/a                 530                 n/a                 716                 n/a                 372                1127
    98.6%                 n/a                 482                 n/a                 660                 n/a                 348                1021
    98.8%                 n/a                 414                 n/a                 580                 n/a                 n/a                 874
    99.1%                 n/a                 n/a                 n/a                 n/a                 n/a                 n/a                 672

======================================================================
Outputs:
  log:            /mnt/c/pancake1.0.0/benchmark_results/pareto_sift_2026-07-07T19-37-32-563Z.log
  json:           /mnt/c/pancake1.0.0/benchmark_results/pareto_sift_2026-07-07T19-37-32-563Z.json
  raw sweep csv:  /mnt/c/pancake1.0.0/benchmark_results/pareto_sift_2026-07-07T19-37-32-563Z.csv
  frontier csv:   /mnt/c/pancake1.0.0/benchmark_results/pareto_sift_2026-07-07T19-37-32-563Z_frontier.csv
  equal-recall:   /mnt/c/pancake1.0.0/benchmark_results/pareto_sift_2026-07-07T19-37-32-563Z_equalrecall.csv
  plot png:       /mnt/c/pancake1.0.0/benchmark_results/pareto_sift_2026-07-07T19-37-32-563Z.png
