======================================================================
Pareto-Frontier Benchmark (DBPEDIA, l2)
======================================================================
System: linux/x64, Node v22.19.0
CPU: AMD Ryzen 9 4900HS with Radeon Graphics (8 logical), RAM 11961.6 MB
Configs: pancake-wasm-int8, pancake-wasm-fp32, pancake-native-int8, pancake-native-fp32, usearch-int8, usearch-fp32, hnswlib-fp32

Loading dataset...
  Loading /mnt/c/pancake1.0.0/dbpedia/dbpedia_base_100k.fvecs (first 50,000)...
  Loading /mnt/c/pancake1.0.0/dbpedia/dbpedia_query.fvecs (first 1,000)...
  Base:    50,000 vectors, 1536D
  Queries: 1,000
  Metric:  l2
  k=10, M=8, ef_construction=50
  ef_search sweep: [10, 20, 40, 60, 80, 100, 150, 200, 300, 500, 800]
  Repetitions: 3, Warmup: 200

Loaded cached ground truth (1000 queries) from /mnt/c/pancake1.0.0/benchmark_results/cache/gt_dbpedia_l2_n50000_q1000_k10.bin

======================================================================
Config: pancake-wasm-int8
======================================================================
  [i8 wasm] build (M=8, ef_c=50, metric=l2)...
  [i8 wasm] build: 30.6s, memory: 80.3 MB (rss +40.8 MB)

  ef_search=10
    rep 1: recall=73.80%  qps=6567  p50=0.145ms  p99=0.285ms
    rep 2: recall=73.80%  qps=7128  p50=0.133ms  p99=0.278ms
    rep 3: recall=73.80%  qps=7214  p50=0.132ms  p99=0.260ms
    summary: recall=73.80% (+/-0.00) qps=6970 (+/-287)

  ef_search=20
    rep 1: recall=84.44%  qps=4993  p50=0.192ms  p99=0.359ms
    rep 2: recall=84.44%  qps=4985  p50=0.194ms  p99=0.369ms
    rep 3: recall=84.44%  qps=5055  p50=0.191ms  p99=0.355ms
    summary: recall=84.44% (+/-0.00) qps=5011 (+/-31)

  ef_search=40
    rep 1: recall=91.26%  qps=3241  p50=0.302ms  p99=0.571ms
    rep 2: recall=91.26%  qps=3278  p50=0.299ms  p99=0.568ms
    rep 3: recall=91.26%  qps=3317  p50=0.297ms  p99=0.532ms
    summary: recall=91.26% (+/-0.00) qps=3279 (+/-31)

  ef_search=60
    rep 1: recall=93.26%  qps=2504  p50=0.402ms  p99=0.656ms
    rep 2: recall=93.26%  qps=2510  p50=0.397ms  p99=0.682ms
    rep 3: recall=93.26%  qps=2477  p50=0.401ms  p99=0.659ms
    summary: recall=93.26% (+/-0.00) qps=2497 (+/-14)

  ef_search=80
    rep 1: recall=94.48%  qps=2030  p50=0.496ms  p99=0.765ms
    rep 2: recall=94.48%  qps=2054  p50=0.492ms  p99=0.774ms
    rep 3: recall=94.48%  qps=2064  p50=0.492ms  p99=0.752ms
    summary: recall=94.48% (+/-0.00) qps=2050 (+/-14)

  ef_search=100
    rep 1: recall=95.11%  qps=1722  p50=0.589ms  p99=0.896ms
    rep 2: recall=95.11%  qps=1692  p50=0.598ms  p99=0.922ms
    rep 3: recall=95.11%  qps=1699  p50=0.598ms  p99=0.884ms
    summary: recall=95.11% (+/-0.00) qps=1704 (+/-13)

  ef_search=150
    rep 1: recall=96.04%  qps=1237  p50=0.822ms  p99=1.162ms
    rep 2: recall=96.04%  qps=1239  p50=0.819ms  p99=1.177ms
    rep 3: recall=96.04%  qps=1235  p50=0.828ms  p99=1.195ms
    summary: recall=96.04% (+/-0.00) qps=1237 (+/-2)

  ef_search=200
    rep 1: recall=96.41%  qps=978  p50=1.034ms  p99=1.497ms
    rep 2: recall=96.41%  qps=976  p50=1.033ms  p99=1.467ms
    rep 3: recall=96.41%  qps=972  p50=1.034ms  p99=1.495ms
    summary: recall=96.41% (+/-0.00) qps=975 (+/-2)

  ef_search=300
    rep 1: recall=96.82%  qps=695  p50=1.439ms  p99=2.093ms
    rep 2: recall=96.82%  qps=699  p50=1.444ms  p99=2.034ms
    rep 3: recall=96.82%  qps=698  p50=1.436ms  p99=2.022ms
    summary: recall=96.82% (+/-0.00) qps=697 (+/-2)

  ef_search=500
    rep 1: recall=97.24%  qps=458  p50=2.191ms  p99=3.039ms
    rep 2: recall=97.24%  qps=455  p50=2.192ms  p99=3.034ms
    rep 3: recall=97.24%  qps=453  p50=2.220ms  p99=3.065ms
    summary: recall=97.24% (+/-0.00) qps=455 (+/-2)

  ef_search=800
    rep 1: recall=97.45%  qps=303  p50=3.314ms  p99=4.523ms
    rep 2: recall=97.45%  qps=300  p50=3.352ms  p99=4.538ms
    rep 3: recall=97.45%  qps=305  p50=3.292ms  p99=4.512ms
    summary: recall=97.45% (+/-0.00) qps=303 (+/-2)

======================================================================
Config: pancake-wasm-fp32
======================================================================
  [f32 wasm] build (M=8, ef_c=50, metric=l2)...
  [f32 wasm] build: 56.6s, memory: 296.3 MB (rss +195.9 MB)

  ef_search=10
    rep 1: recall=75.00%  qps=4865  p50=0.195ms  p99=0.366ms
    rep 2: recall=75.00%  qps=5163  p50=0.185ms  p99=0.372ms
    rep 3: recall=75.00%  qps=5164  p50=0.181ms  p99=0.376ms
    summary: recall=75.00% (+/-0.00) qps=5064 (+/-141)

  ef_search=20
    rep 1: recall=86.16%  qps=3568  p50=0.268ms  p99=0.516ms
    rep 2: recall=86.16%  qps=3531  p50=0.272ms  p99=0.496ms
    rep 3: recall=86.16%  qps=3453  p50=0.279ms  p99=0.530ms
    summary: recall=86.16% (+/-0.00) qps=3517 (+/-48)

  ef_search=40
    rep 1: recall=92.27%  qps=2365  p50=0.415ms  p99=0.701ms
    rep 2: recall=92.27%  qps=2440  p50=0.409ms  p99=0.671ms
    rep 3: recall=92.27%  qps=2468  p50=0.403ms  p99=0.673ms
    summary: recall=92.27% (+/-0.00) qps=2425 (+/-44)

  ef_search=60
    rep 1: recall=94.67%  qps=1836  p50=0.548ms  p99=0.839ms
    rep 2: recall=94.67%  qps=1852  p50=0.544ms  p99=0.847ms
    rep 3: recall=94.67%  qps=1853  p50=0.541ms  p99=0.838ms
    summary: recall=94.67% (+/-0.00) qps=1847 (+/-8)

  ef_search=80
    rep 1: recall=96.06%  qps=1484  p50=0.686ms  p99=1.008ms
    rep 2: recall=96.06%  qps=1485  p50=0.679ms  p99=1.035ms
    rep 3: recall=96.06%  qps=1490  p50=0.677ms  p99=1.054ms
    summary: recall=96.06% (+/-0.00) qps=1487 (+/-2)

  ef_search=100
    rep 1: recall=96.76%  qps=1265  p50=0.802ms  p99=1.186ms
    rep 2: recall=96.76%  qps=1265  p50=0.801ms  p99=1.168ms
    rep 3: recall=96.76%  qps=1201  p50=0.848ms  p99=1.267ms
    summary: recall=96.76% (+/-0.00) qps=1244 (+/-30)

  ef_search=150
    rep 1: recall=97.91%  qps=852  p50=1.192ms  p99=1.734ms
    rep 2: recall=97.91%  qps=866  p50=1.168ms  p99=1.718ms
    rep 3: recall=97.91%  qps=877  p50=1.160ms  p99=1.671ms
    summary: recall=97.91% (+/-0.00) qps=865 (+/-10)

  ef_search=200
    rep 1: recall=98.44%  qps=730  p50=1.386ms  p99=1.941ms
    rep 2: recall=98.44%  qps=730  p50=1.382ms  p99=1.945ms
    rep 3: recall=98.44%  qps=729  p50=1.377ms  p99=1.969ms
    summary: recall=98.44% (+/-0.00) qps=730 (+/-0)

  ef_search=300
    rep 1: recall=98.97%  qps=519  p50=1.940ms  p99=2.741ms
    rep 2: recall=98.97%  qps=486  p50=2.060ms  p99=3.002ms
    rep 3: recall=98.97%  qps=505  p50=1.982ms  p99=2.829ms
    summary: recall=98.97% (+/-0.00) qps=504 (+/-13)

  ef_search=500
    rep 1: recall=99.44%  qps=337  p50=2.978ms  p99=4.131ms
    rep 2: recall=99.44%  qps=327  p50=3.093ms  p99=4.307ms
    rep 3: recall=99.44%  qps=321  p50=3.116ms  p99=4.408ms
    summary: recall=99.44% (+/-0.00) qps=328 (+/-7)

  ef_search=800
    rep 1: recall=99.65%  qps=225  p50=4.455ms  p99=6.052ms
    rep 2: recall=99.65%  qps=215  p50=4.671ms  p99=6.475ms
    rep 3: recall=99.65%  qps=225  p50=4.461ms  p99=6.075ms
    summary: recall=99.65% (+/-0.00) qps=222 (+/-5)

======================================================================
Config: pancake-native-int8
======================================================================
  [i8 native] build (M=8, ef_c=50, metric=l2)...
  [i8 native] build: 19.7s, memory: 80.3 MB (rss +376.0 MB)

  ef_search=10
    rep 1: recall=73.60%  qps=8975  p50=0.105ms  p99=0.227ms
    rep 2: recall=73.60%  qps=9427  p50=0.100ms  p99=0.204ms
    rep 3: recall=73.60%  qps=9565  p50=0.099ms  p99=0.199ms
    summary: recall=73.60% (+/-0.00) qps=9323 (+/-252)

  ef_search=20
    rep 1: recall=84.61%  qps=6514  p50=0.147ms  p99=0.312ms
    rep 2: recall=84.61%  qps=6490  p50=0.147ms  p99=0.309ms
    rep 3: recall=84.61%  qps=6575  p50=0.145ms  p99=0.280ms
    summary: recall=84.61% (+/-0.00) qps=6526 (+/-36)

  ef_search=40
    rep 1: recall=91.22%  qps=4291  p50=0.228ms  p99=0.424ms
    rep 2: recall=91.22%  qps=4222  p50=0.231ms  p99=0.438ms
    rep 3: recall=91.22%  qps=4191  p50=0.231ms  p99=0.455ms
    summary: recall=91.22% (+/-0.00) qps=4235 (+/-42)

  ef_search=60
    rep 1: recall=93.43%  qps=2777  p50=0.355ms  p99=0.628ms
    rep 2: recall=93.43%  qps=2769  p50=0.354ms  p99=0.628ms
    rep 3: recall=93.43%  qps=2712  p50=0.364ms  p99=0.653ms
    summary: recall=93.43% (+/-0.00) qps=2753 (+/-29)

  ef_search=80
    rep 1: recall=94.45%  qps=2052  p50=0.481ms  p99=0.825ms
    rep 2: recall=94.45%  qps=2288  p50=0.440ms  p99=0.731ms
    rep 3: recall=94.45%  qps=2291  p50=0.431ms  p99=0.756ms
    summary: recall=94.45% (+/-0.00) qps=2210 (+/-112)

  ef_search=100
    rep 1: recall=95.12%  qps=1889  p50=0.537ms  p99=0.842ms
    rep 2: recall=95.12%  qps=1955  p50=0.511ms  p99=0.841ms
    rep 3: recall=95.12%  qps=2182  p50=0.465ms  p99=0.719ms
    summary: recall=95.12% (+/-0.00) qps=2008 (+/-126)

  ef_search=150
    rep 1: recall=96.14%  qps=1586  p50=0.641ms  p99=1.003ms
    rep 2: recall=96.14%  qps=1572  p50=0.647ms  p99=0.961ms
    rep 3: recall=96.14%  qps=1537  p50=0.660ms  p99=0.997ms
    summary: recall=96.14% (+/-0.00) qps=1565 (+/-21)

  ef_search=200
    rep 1: recall=96.50%  qps=1232  p50=0.818ms  p99=1.228ms
    rep 2: recall=96.50%  qps=1230  p50=0.816ms  p99=1.204ms
    rep 3: recall=96.50%  qps=1233  p50=0.816ms  p99=1.194ms
    summary: recall=96.50% (+/-0.00) qps=1232 (+/-2)

  ef_search=300
    rep 1: recall=96.86%  qps=887  p50=1.128ms  p99=1.638ms
    rep 2: recall=96.86%  qps=872  p50=1.148ms  p99=1.750ms
    rep 3: recall=96.86%  qps=887  p50=1.137ms  p99=1.585ms
    summary: recall=96.86% (+/-0.00) qps=882 (+/-7)

  ef_search=500
    rep 1: recall=97.24%  qps=578  p50=1.728ms  p99=2.443ms
    rep 2: recall=97.24%  qps=577  p50=1.732ms  p99=2.460ms
    rep 3: recall=97.24%  qps=577  p50=1.733ms  p99=2.428ms
    summary: recall=97.24% (+/-0.00) qps=578 (+/-1)

  ef_search=800
    rep 1: recall=97.46%  qps=385  p50=2.607ms  p99=3.618ms
    rep 2: recall=97.46%  qps=387  p50=2.594ms  p99=3.522ms
    rep 3: recall=97.46%  qps=388  p50=2.578ms  p99=3.542ms
    summary: recall=97.46% (+/-0.00) qps=387 (+/-1)

======================================================================
Config: pancake-native-fp32
======================================================================
  [f32 native] build (M=8, ef_c=50, metric=l2)...
  [f32 native] build: 38.9s, memory: 296.3 MB (rss +590.6 MB)

  ef_search=10
    rep 1: recall=75.00%  qps=5278  p50=0.180ms  p99=0.366ms
    rep 2: recall=75.00%  qps=5450  p50=0.176ms  p99=0.373ms
    rep 3: recall=75.00%  qps=5260  p50=0.180ms  p99=0.381ms
    summary: recall=75.00% (+/-0.00) qps=5329 (+/-86)

  ef_search=20
    rep 1: recall=86.16%  qps=3422  p50=0.284ms  p99=0.543ms
    rep 2: recall=86.16%  qps=3723  p50=0.259ms  p99=0.500ms
    rep 3: recall=86.16%  qps=3683  p50=0.266ms  p99=0.484ms
    summary: recall=86.16% (+/-0.00) qps=3609 (+/-134)

  ef_search=40
    rep 1: recall=92.27%  qps=2237  p50=0.434ms  p99=0.818ms
    rep 2: recall=92.27%  qps=2298  p50=0.430ms  p99=0.747ms
    rep 3: recall=92.27%  qps=2020  p50=0.485ms  p99=0.838ms
    summary: recall=92.27% (+/-0.00) qps=2185 (+/-119)

  ef_search=60
    rep 1: recall=94.67%  qps=1613  p50=0.616ms  p99=0.960ms
    rep 2: recall=94.67%  qps=2072  p50=0.474ms  p99=0.840ms
    rep 3: recall=94.67%  qps=1706  p50=0.589ms  p99=0.965ms
    summary: recall=94.67% (+/-0.00) qps=1797 (+/-198)

  ef_search=80
    rep 1: recall=96.06%  qps=1407  p50=0.708ms  p99=1.091ms
    rep 2: recall=96.06%  qps=1480  p50=0.680ms  p99=1.081ms
    rep 3: recall=96.06%  qps=1438  p50=0.695ms  p99=1.114ms
    summary: recall=96.06% (+/-0.00) qps=1442 (+/-30)

  ef_search=100
    rep 1: recall=96.76%  qps=1097  p50=0.911ms  p99=1.441ms
    rep 2: recall=96.76%  qps=1392  p50=0.706ms  p99=1.225ms
    rep 3: recall=96.76%  qps=1567  p50=0.645ms  p99=0.979ms
    summary: recall=96.76% (+/-0.00) qps=1352 (+/-194)

  ef_search=150
    rep 1: recall=97.91%  qps=1147  p50=0.887ms  p99=1.266ms
    rep 2: recall=97.91%  qps=1145  p50=0.879ms  p99=1.292ms
    rep 3: recall=97.91%  qps=1148  p50=0.887ms  p99=1.267ms
    summary: recall=97.91% (+/-0.00) qps=1147 (+/-1)

  ef_search=200
    rep 1: recall=98.44%  qps=899  p50=1.116ms  p99=1.698ms
    rep 2: recall=98.44%  qps=912  p50=1.102ms  p99=1.618ms
    rep 3: recall=98.44%  qps=917  p50=1.102ms  p99=1.574ms
    summary: recall=98.44% (+/-0.00) qps=910 (+/-7)

  ef_search=300
    rep 1: recall=98.97%  qps=655  p50=1.528ms  p99=2.152ms
    rep 2: recall=98.97%  qps=655  p50=1.539ms  p99=2.190ms
    rep 3: recall=98.97%  qps=656  p50=1.525ms  p99=2.200ms
    summary: recall=98.97% (+/-0.00) qps=655 (+/-1)

  ef_search=500
    rep 1: recall=99.44%  qps=429  p50=2.340ms  p99=3.279ms
    rep 2: recall=99.44%  qps=427  p50=2.337ms  p99=3.319ms
    rep 3: recall=99.44%  qps=426  p50=2.349ms  p99=3.306ms
    summary: recall=99.44% (+/-0.00) qps=427 (+/-1)

  ef_search=800
    rep 1: recall=99.65%  qps=287  p50=3.508ms  p99=4.792ms
    rep 2: recall=99.65%  qps=287  p50=3.472ms  p99=4.831ms
    rep 3: recall=99.65%  qps=287  p50=3.504ms  p99=4.839ms
    summary: recall=99.65% (+/-0.00) qps=287 (+/-0)

======================================================================
Config: usearch-int8
======================================================================
  [usearch-i8] build (connectivity=8, expansion_add=50, metric=l2sq, quantization=i8)...
  [usearch-i8] build: 12.2s, index file: 77.3 MB (rss +79.8 MB, saved to /mnt/c/pancake1.0.0/benchmark_results/_usearch_i8_2026-07-07T19-04-37-320Z.bin)

  ef_search=10
    rep 1: recall=64.99%  qps=7783  p50=0.117ms  p99=0.289ms
    rep 2: recall=64.99%  qps=9861  p50=0.092ms  p99=0.205ms
    rep 3: recall=64.99%  qps=10031  p50=0.091ms  p99=0.251ms
    summary: recall=64.99% (+/-0.00) qps=9225 (+/-1022)

  ef_search=20
    rep 1: recall=76.34%  qps=7121  p50=0.132ms  p99=0.262ms
    rep 2: recall=76.34%  qps=7087  p50=0.132ms  p99=0.277ms
    rep 3: recall=76.34%  qps=7059  p50=0.133ms  p99=0.265ms
    summary: recall=76.34% (+/-0.00) qps=7089 (+/-25)

  ef_search=40
    rep 1: recall=82.89%  qps=4709  p50=0.203ms  p99=0.394ms
    rep 2: recall=82.89%  qps=4836  p50=0.201ms  p99=0.372ms
    rep 3: recall=82.89%  qps=4732  p50=0.203ms  p99=0.409ms
    summary: recall=82.89% (+/-0.00) qps=4759 (+/-55)

  ef_search=60
    rep 1: recall=85.26%  qps=3621  p50=0.269ms  p99=0.475ms
    rep 2: recall=85.26%  qps=3671  p50=0.268ms  p99=0.476ms
    rep 3: recall=85.26%  qps=3597  p50=0.272ms  p99=0.488ms
    summary: recall=85.26% (+/-0.00) qps=3630 (+/-31)

  ef_search=80
    rep 1: recall=86.25%  qps=2915  p50=0.338ms  p99=0.575ms
    rep 2: recall=86.25%  qps=2953  p50=0.337ms  p99=0.539ms
    rep 3: recall=86.25%  qps=2924  p50=0.343ms  p99=0.596ms
    summary: recall=86.25% (+/-0.00) qps=2931 (+/-16)

  ef_search=100
    rep 1: recall=86.98%  qps=2489  p50=0.403ms  p99=0.620ms
    rep 2: recall=86.98%  qps=2486  p50=0.405ms  p99=0.619ms
    rep 3: recall=86.98%  qps=2466  p50=0.406ms  p99=0.632ms
    summary: recall=86.98% (+/-0.00) qps=2480 (+/-10)

  ef_search=150
    rep 1: recall=87.89%  qps=1747  p50=0.575ms  p99=0.851ms
    rep 2: recall=87.89%  qps=1801  p50=0.555ms  p99=0.831ms
    rep 3: recall=87.89%  qps=1705  p50=0.578ms  p99=1.070ms
    summary: recall=87.89% (+/-0.00) qps=1751 (+/-40)

  ef_search=200
    rep 1: recall=88.33%  qps=1399  p50=0.723ms  p99=1.041ms
    rep 2: recall=88.33%  qps=1408  p50=0.723ms  p99=1.003ms
    rep 3: recall=88.33%  qps=1413  p50=0.714ms  p99=1.025ms
    summary: recall=88.33% (+/-0.00) qps=1407 (+/-6)

  ef_search=300
    rep 1: recall=88.93%  qps=993  p50=1.012ms  p99=1.382ms
    rep 2: recall=88.93%  qps=995  p50=1.015ms  p99=1.375ms
    rep 3: recall=88.93%  qps=991  p50=1.020ms  p99=1.414ms
    summary: recall=88.93% (+/-0.00) qps=993 (+/-1)

  ef_search=500
    rep 1: recall=89.37%  qps=648  p50=1.554ms  p99=2.088ms
    rep 2: recall=89.37%  qps=642  p50=1.569ms  p99=2.134ms
    rep 3: recall=89.37%  qps=646  p50=1.556ms  p99=2.081ms
    summary: recall=89.37% (+/-0.00) qps=646 (+/-3)

  ef_search=800
    rep 1: recall=89.53%  qps=433  p50=2.322ms  p99=3.026ms
    rep 2: recall=89.53%  qps=433  p50=2.323ms  p99=3.033ms
    rep 3: recall=89.53%  qps=433  p50=2.323ms  p99=3.041ms
    summary: recall=89.53% (+/-0.00) qps=433 (+/-0)

======================================================================
Config: usearch-fp32
======================================================================
  [usearch-f32] build (connectivity=8, expansion_add=50, metric=l2sq, quantization=f32)...
  [usearch-f32] build: 34.3s, index file: 297.0 MB (rss +302.6 MB, saved to /mnt/c/pancake1.0.0/benchmark_results/_usearch_f32_2026-07-07T19-04-37-320Z.bin)

  ef_search=10
    rep 1: recall=67.73%  qps=2516  p50=0.269ms  p99=2.032ms
    rep 2: recall=67.73%  qps=4505  p50=0.212ms  p99=0.412ms
    rep 3: recall=67.73%  qps=4504  p50=0.213ms  p99=0.397ms
    summary: recall=67.73% (+/-0.00) qps=3842 (+/-937)

  ef_search=20
    rep 1: recall=81.18%  qps=3022  p50=0.317ms  p99=0.630ms
    rep 2: recall=81.18%  qps=3269  p50=0.292ms  p99=0.563ms
    rep 3: recall=81.18%  qps=3531  p50=0.270ms  p99=0.514ms
    summary: recall=81.18% (+/-0.00) qps=3274 (+/-208)

  ef_search=40
    rep 1: recall=89.54%  qps=2258  p50=0.432ms  p99=0.792ms
    rep 2: recall=89.54%  qps=2284  p50=0.425ms  p99=0.713ms
    rep 3: recall=89.54%  qps=2254  p50=0.434ms  p99=0.755ms
    summary: recall=89.54% (+/-0.00) qps=2265 (+/-13)

  ef_search=60
    rep 1: recall=92.58%  qps=1661  p50=0.599ms  p99=0.964ms
    rep 2: recall=92.58%  qps=1694  p50=0.588ms  p99=0.933ms
    rep 3: recall=92.58%  qps=1622  p50=0.610ms  p99=0.981ms
    summary: recall=92.58% (+/-0.00) qps=1659 (+/-30)

  ef_search=80
    rep 1: recall=94.27%  qps=1318  p50=0.755ms  p99=1.264ms
    rep 2: recall=94.27%  qps=1350  p50=0.745ms  p99=1.102ms
    rep 3: recall=94.27%  qps=1355  p50=0.738ms  p99=1.187ms
    summary: recall=94.27% (+/-0.00) qps=1341 (+/-16)

  ef_search=100
    rep 1: recall=95.23%  qps=1190  p50=0.852ms  p99=1.235ms
    rep 2: recall=95.23%  qps=1153  p50=0.872ms  p99=1.334ms
    rep 3: recall=95.23%  qps=1076  p50=0.921ms  p99=1.613ms
    summary: recall=95.23% (+/-0.00) qps=1140 (+/-47)

  ef_search=150
    rep 1: recall=96.73%  qps=784  p50=1.250ms  p99=2.213ms
    rep 2: recall=96.73%  qps=857  p50=1.183ms  p99=1.690ms
    rep 3: recall=96.73%  qps=876  p50=1.163ms  p99=1.559ms
    summary: recall=96.73% (+/-0.00) qps=839 (+/-40)

  ef_search=200
    rep 1: recall=97.56%  qps=688  p50=1.465ms  p99=2.057ms
    rep 2: recall=97.56%  qps=621  p50=1.599ms  p99=2.598ms
    rep 3: recall=97.56%  qps=682  p50=1.468ms  p99=2.275ms
    summary: recall=97.56% (+/-0.00) qps=664 (+/-31)

  ef_search=300
    rep 1: recall=98.35%  qps=503  p50=2.004ms  p99=2.789ms
    rep 2: recall=98.35%  qps=495  p50=2.040ms  p99=2.768ms
    rep 3: recall=98.35%  qps=500  p50=2.011ms  p99=2.728ms
    summary: recall=98.35% (+/-0.00) qps=499 (+/-3)

  ef_search=500
    rep 1: recall=98.97%  qps=327  p50=3.064ms  p99=4.185ms
    rep 2: recall=98.97%  qps=329  p50=3.050ms  p99=4.081ms
    rep 3: recall=98.97%  qps=311  p50=3.206ms  p99=4.884ms
    summary: recall=98.97% (+/-0.00) qps=323 (+/-8)

  ef_search=800
    rep 1: recall=99.38%  qps=219  p50=4.598ms  p99=6.091ms
    rep 2: recall=99.38%  qps=214  p50=4.670ms  p99=6.591ms
    rep 3: recall=99.38%  qps=220  p50=4.564ms  p99=6.045ms
    summary: recall=99.38% (+/-0.00) qps=217 (+/-2)

======================================================================
Config: hnswlib-fp32
======================================================================
  [hnswlib-f32] build (M=8, ef_c=50, metric=l2)...
  [hnswlib-f32] build: 32.3s, estimated memory: 313.0 MB RSS

  ef_search=10
    rep 1: recall=66.08%  qps=3758  p50=0.256ms  p99=0.400ms
    rep 2: recall=66.08%  qps=3834  p50=0.252ms  p99=0.396ms
    rep 3: recall=66.08%  qps=3541  p50=0.272ms  p99=0.432ms
    summary: recall=66.08% (+/-0.00) qps=3711 (+/-124)

  ef_search=20
    rep 1: recall=80.50%  qps=2881  p50=0.336ms  p99=0.536ms
    rep 2: recall=80.50%  qps=2957  p50=0.324ms  p99=0.564ms
    rep 3: recall=80.50%  qps=2982  p50=0.323ms  p99=0.521ms
    summary: recall=80.50% (+/-0.00) qps=2940 (+/-43)

  ef_search=40
    rep 1: recall=88.86%  qps=2250  p50=0.436ms  p99=0.684ms
    rep 2: recall=88.86%  qps=2271  p50=0.433ms  p99=0.649ms
    rep 3: recall=88.86%  qps=2297  p50=0.426ms  p99=0.683ms
    summary: recall=88.86% (+/-0.00) qps=2273 (+/-19)

  ef_search=60
    rep 1: recall=91.99%  qps=1884  p50=0.527ms  p99=0.759ms
    rep 2: recall=91.99%  qps=1860  p50=0.535ms  p99=0.796ms
    rep 3: recall=91.99%  qps=1838  p50=0.539ms  p99=0.785ms
    summary: recall=91.99% (+/-0.00) qps=1861 (+/-18)

  ef_search=80
    rep 1: recall=93.73%  qps=1596  p50=0.632ms  p99=0.930ms
    rep 2: recall=93.73%  qps=1623  p50=0.620ms  p99=0.870ms
    rep 3: recall=93.73%  qps=1611  p50=0.621ms  p99=0.881ms
    summary: recall=93.73% (+/-0.00) qps=1610 (+/-11)

  ef_search=100
    rep 1: recall=95.10%  qps=1397  p50=0.718ms  p99=1.009ms
    rep 2: recall=95.10%  qps=1398  p50=0.717ms  p99=1.040ms
    rep 3: recall=95.10%  qps=1404  p50=0.716ms  p99=1.032ms
    summary: recall=95.10% (+/-0.00) qps=1399 (+/-3)

  ef_search=150
    rep 1: recall=96.54%  qps=1094  p50=0.921ms  p99=1.241ms
    rep 2: recall=96.54%  qps=1080  p50=0.934ms  p99=1.300ms
    rep 3: recall=96.54%  qps=954  p50=1.024ms  p99=1.677ms
    summary: recall=96.54% (+/-0.00) qps=1042 (+/-63)

  ef_search=200
    rep 1: recall=97.34%  qps=891  p50=1.127ms  p99=1.630ms
    rep 2: recall=97.34%  qps=899  p50=1.120ms  p99=1.536ms
    rep 3: recall=97.34%  qps=910  p50=1.107ms  p99=1.476ms
    summary: recall=97.34% (+/-0.00) qps=900 (+/-8)

  ef_search=300
    rep 1: recall=98.21%  qps=674  p50=1.491ms  p99=2.014ms
    rep 2: recall=98.21%  qps=671  p50=1.485ms  p99=2.031ms
    rep 3: recall=98.21%  qps=667  p50=1.502ms  p99=2.159ms
    summary: recall=98.21% (+/-0.00) qps=670 (+/-3)

  ef_search=500
    rep 1: recall=98.95%  qps=445  p50=2.246ms  p99=3.062ms
    rep 2: recall=98.95%  qps=447  p50=2.251ms  p99=2.994ms
    rep 3: recall=98.95%  qps=451  p50=2.221ms  p99=3.014ms
    summary: recall=98.95% (+/-0.00) qps=448 (+/-2)

  ef_search=800
    rep 1: recall=99.37%  qps=296  p50=3.372ms  p99=4.729ms
    rep 2: recall=99.37%  qps=297  p50=3.365ms  p99=4.475ms
    rep 3: recall=99.37%  qps=302  p50=3.318ms  p99=4.525ms
    summary: recall=99.37% (+/-0.00) qps=298 (+/-3)
  plot:           Saved: /mnt/c/pancake1.0.0/benchmark_results/pareto_dbpedia_2026-07-07T19-04-37-320Z.png

======================================================================
Pareto frontiers (non-dominated QPS-recall points)
======================================================================

  pancake-wasm-int8
       ef    recall        qps
       10    73.80%       6970
       20    84.44%       5011
       40    91.26%       3279
       60    93.26%       2497
       80    94.48%       2050
      100    95.11%       1704
      150    96.04%       1237
      200    96.41%        975
      300    96.82%        697
      500    97.24%        455
      800    97.45%        303

  pancake-wasm-fp32
       ef    recall        qps
       10    75.00%       5064
       20    86.16%       3517
       40    92.27%       2425
       60    94.67%       1847
       80    96.06%       1487
      100    96.76%       1244
      150    97.91%        865
      200    98.44%        730
      300    98.97%        504
      500    99.44%        328
      800    99.65%        222

  pancake-native-int8
       ef    recall        qps
       10    73.60%       9323
       20    84.61%       6526
       40    91.22%       4235
       60    93.43%       2753
       80    94.45%       2210
      100    95.12%       2008
      150    96.14%       1565
      200    96.50%       1232
      300    96.86%        882
      500    97.24%        578
      800    97.46%        387

  pancake-native-fp32
       ef    recall        qps
       10    75.00%       5329
       20    86.16%       3609
       40    92.27%       2185
       60    94.67%       1797
       80    96.06%       1442
      100    96.76%       1352
      150    97.91%       1147
      200    98.44%        910
      300    98.97%        655
      500    99.44%        427
      800    99.65%        287

  usearch-int8
       ef    recall        qps
       10    64.99%       9225
       20    76.34%       7089
       40    82.89%       4759
       60    85.26%       3630
       80    86.25%       2931
      100    86.98%       2480
      150    87.89%       1751
      200    88.33%       1407
      300    88.93%        993
      500    89.37%        646
      800    89.53%        433

  usearch-fp32
       ef    recall        qps
       10    67.73%       3842
       20    81.18%       3274
       40    89.54%       2265
       60    92.58%       1659
       80    94.27%       1341
      100    95.23%       1140
      150    96.73%        839
      200    97.56%        664
      300    98.35%        499
      500    98.97%        323
      800    99.38%        217

  hnswlib-fp32
       ef    recall        qps
       10    66.08%       3711
       20    80.50%       2940
       40    88.86%       2273
       60    91.99%       1861
       80    93.73%       1610
      100    95.10%       1399
      150    96.54%       1042
      200    97.34%        900
      300    98.21%        670
      500    98.95%        448
      800    99.37%        298

======================================================================
Interpolated equal-recall QPS (log-linear along each frontier)
  Blank = recall target outside that library's frontier span.
======================================================================

   recall   pancake-wasm-int8   pancake-wasm-fp32 pancake-native-int8 pancake-native-fp32        usearch-int8        usearch-fp32        hnswlib-fp32
  ---------------------------------------------------------------------------------------------------------------------------------------------------
    65.0%                 n/a                 n/a                 n/a                 n/a                9225                 n/a                 n/a
    66.1%                 n/a                 n/a                 n/a                 n/a                8995                 n/a                3711
    67.7%                 n/a                 n/a                 n/a                 n/a                8657                3842                3613
    69.3%                 n/a                 n/a                 n/a                 n/a                8343                3770                3522
    73.6%                 n/a                 n/a                9323                 n/a                7554                3583                3287
    73.7%                 n/a                 n/a                9306                 n/a                7545                3580                3284
    73.8%                6970                 n/a                9263                 n/a                7519                3574                3276
    75.0%                6715                5064                8909                5329                7313                3523                3213
    76.3%                6442                4847                8531                5086                7089                3468                3144
    78.0%                6121                4593                8088                4801                6413                3400                3062
    80.5%                5662                4231                7456                4398                5504                3300                2940
    81.2%                5544                4138                7293                4295                5281                3274                2879
    82.3%                5352                3987                7029                4127                4927                3113                2780
    82.9%                5258                3914                6900                4046                4759                3036                2732
    84.4%                5011                3720                6563                3833                3986                2836                2604
    84.6%                4958                3700                6526                3810                3910                2815                2591
    85.3%                4762                3622                6255                3725                3630                2735                2539
    86.2%                4503                3517                5897                3609                2988                2629                2470
    86.2%                4478                3498                5862                3583                2931                2619                2463
    86.7%                4367                3413                5710                3466                2673                2573                2433
    87.0%                4279                3346                5589                3374                2480                2536                2408
    87.9%                4043                3166                5266                3131                1751                2436                2342
    88.3%                3934                3082                5116                3020                1407                2389                2310
    88.9%                3806                2984                4942                2891                1034                2334                2273
    88.9%                3790                2971                4919                2875                 993                2327                2263
    89.4%                3688                2893                4780                2773                 646                2282                2200
    89.5%                3651                2865                4730                2737                 433                2266                2177
    89.5%                3649                2863                4727                2734                 n/a                2265                2176
    91.0%                3335                2622                4300                2428                 n/a                1954                1984
    91.2%                3287                2585                4235                2382                 n/a                1907                1955
    91.3%                3279                2578                4202                2374                 n/a                1899                1950
    92.0%                2968                2466                3645                2236                 n/a                1762                1861
    92.3%                2857                2425                3451                2185                 n/a                1713                1818
    92.6%                2739                2341                3249                2131                 n/a                1659                1772
    93.3%                2497                2167                2846                2016                 n/a                1523                1674
    93.4%                2429                2126                2753                1988                 n/a                1491                1651
    93.7%                2314                2054                2581                1940                 n/a                1435                1610
    94.3%                2120                1932                2298                1857                 n/a                1341                1523
    94.4%                2060                1893                2210                1829                 n/a                1301                1496
    94.5%                2050                1887                2201                1825                 n/a                1294                1491
    94.7%                1939                1847                2142                1797                 n/a                1253                1462
    95.1%                1709                1727                2014                1679                 n/a                1165                1399
    95.1%                1704                1724                2011                1676                 n/a                1163                1396
    95.1%                1699                1721                2008                1673                 n/a                1161                1394
    95.2%                1635                1692                1955                1644                 n/a                1140                1363
    95.3%                1587                1669                1914                1622                 n/a                1119                1338
    96.0%                1237                1491                1603                1446                 n/a                 966                1155
    96.1%                1221                1487                1596                1442                 n/a                 962                1150
    96.1%                1160                1457                1565                1431                 n/a                 946                1131
    96.4%                 975                1360                1308                1396                 n/a                 896                1071
    96.5%                 906                1329                1232                1385                 n/a                 879                1051
    96.5%                 877                1316                1187                1380                 n/a                 872                1042
    96.7%                 751                1253                 995                1356                 n/a                 839                1007
    96.8%                 732                1244                 968                1352                 n/a                 832                1001
    96.8%                 697                1220                 916                1341                 n/a                 818                 990
    96.9%                 670                1205                 882                1333                 n/a                 809                 983
    97.2%                 455                1069                 578                1262                 n/a                 726                 917
    97.3%                 375                1036                 481                1244                 n/a                 706                 900
    97.4%                 303                1000                 394                1225                 n/a                 685                 867
    97.5%                 n/a                 997                 387                1223                 n/a                 683                 864
    97.6%                 n/a                 966                 n/a                1206                 n/a                 664                 835
    97.9%                 n/a                 865                 n/a                1147                 n/a                 585                 742
    98.2%                 n/a                 786                 n/a                1006                 n/a                 525                 670
    98.3%                 n/a                 751                 n/a                 946                 n/a                 499                 621
    98.4%                 n/a                 730                 n/a                 910                 n/a                 469                 591
    98.9%                 n/a                 511                 n/a                 664                 n/a                 327                 448
    99.0%                 n/a                 504                 n/a                 655                 n/a                 323                 439
    99.4%                 n/a                 350                 n/a                 455                 n/a                 220                 298
    99.4%                 n/a                 346                 n/a                 451                 n/a                 217                 n/a
    99.4%                 n/a                 328                 n/a                 427                 n/a                 n/a                 n/a
    99.6%                 n/a                 222                 n/a                 287                 n/a                 n/a                 n/a

======================================================================
Outputs:
  log:            /mnt/c/pancake1.0.0/benchmark_results/pareto_dbpedia_2026-07-07T19-04-37-320Z.log
  json:           /mnt/c/pancake1.0.0/benchmark_results/pareto_dbpedia_2026-07-07T19-04-37-320Z.json
  raw sweep csv:  /mnt/c/pancake1.0.0/benchmark_results/pareto_dbpedia_2026-07-07T19-04-37-320Z.csv
  frontier csv:   /mnt/c/pancake1.0.0/benchmark_results/pareto_dbpedia_2026-07-07T19-04-37-320Z_frontier.csv
  equal-recall:   /mnt/c/pancake1.0.0/benchmark_results/pareto_dbpedia_2026-07-07T19-04-37-320Z_equalrecall.csv
  plot png:       /mnt/c/pancake1.0.0/benchmark_results/pareto_dbpedia_2026-07-07T19-04-37-320Z.png
