======================================================================
Full DBpedia Benchmark (50K, L2, 1536D)
======================================================================

Loading dataset...
  Loading /mnt/c/pancake1.0.0/dbpedia/dbpedia_base_100k.fvecs (first 50,000)...
  Loading /mnt/c/pancake1.0.0/dbpedia/dbpedia_query.fvecs (first 1,000)...
  Base:    50,000 vectors, 1536D
  Queries: 1,000
  k=10, M=12, ef_construction=50, ef_search=200
  Faiss note: HNSW efConstruction/efSearch are library defaults in faiss-node

Loaded cached ground truth (1000 queries)

--- Pancake Int8 WASM ---
    10,000/50,000
    20,000/50,000
    30,000/50,000
    40,000/50,000
    50,000/50,000
--- Pancake Int8 Native ---
    10,000/50,000
    20,000/50,000
    30,000/50,000
    40,000/50,000
    50,000/50,000
--- Pancake FP32 WASM ---
    10,000/50,000
    20,000/50,000
    30,000/50,000
    40,000/50,000
    50,000/50,000
--- Pancake FP32 Native ---
    10,000/50,000
    20,000/50,000
    30,000/50,000
    40,000/50,000
    50,000/50,000
--- hnswlib FP32 ---
    10,000/50,000
    20,000/50,000
    30,000/50,000
    40,000/50,000
    50,000/50,000
--- USearch Int8 ---
    10,000/50,000
    20,000/50,000
    30,000/50,000
    40,000/50,000
    50,000/50,000
--- USearch FP32 ---
    10,000/50,000
    20,000/50,000
    30,000/50,000
    40,000/50,000
    50,000/50,000
--- Faiss HNSW ---

==========================================================================================
Results
==========================================================================================
Library                 Build(s)    Recall       QPS   p50(ms)   p99(ms)   Mem(MB)  Params
------------------------------------------------------------------------------------------
pancake-int8-wasm          57.32    97.03%       675     1.487     2.242      83.3  M=12 efC=50 efS=200
pancake-int8-native        33.75    97.05%       809     1.244     1.919      83.3  M=12 efC=50 efS=200
pancake-f32-wasm          116.56    98.68%       457     2.195     3.481     297.9  M=12 efC=50 efS=200
pancake-f32-native         82.62    99.08%       498     2.006     3.244     297.8  M=12 efC=50 efS=200
hnswlib-f32-native         51.29    98.92%       564     1.789     2.630         -  M=12 efC=50 efS=200
usearch-i8-native          18.15    89.23%       868     1.150     1.744         -  M=12 efC=50 efS=200
usearch-f32-native         49.52    98.97%       446     2.266     3.279         -  M=12 efC=50 efS=200
faiss-hnsw                 42.41    84.50%      1565     0.558     2.309         -  M=12 efC=40(default) efS=16(default)

Outputs:
  log:  /mnt/c/pancake1.0.0/benchmark_results/dbpedia_50k_full_2026-06-22T21-19-38-634Z.log
  json: /mnt/c/pancake1.0.0/benchmark_results/dbpedia_50k_full_2026-06-22T21-19-38-634Z.json
  csv:  /mnt/c/pancake1.0.0/benchmark_results/dbpedia_50k_full_2026-06-22T21-19-38-634Z.csv
