======================================================================
Pareto-Frontier Benchmark (DBPEDIA, L2)
======================================================================
Configs: pancake-wasm-int8, pancake-wasm-f32, pancake-native-int8, pancake-native-f32, usearch-i8, usearch-f32, hnswlib-f32

Loading dataset...
  Loading /mnt/c/pancake1.0.0/dbpedia/dbpedia_base_100k.fvecs (first 50,000)...
  Loading /mnt/c/pancake1.0.0/dbpedia/dbpedia_query.fvecs (first 1,000)...
  Base:    50,000 vectors, 1536D
  Queries: 1,000
  Metric:  L2
  k=10, M=16, ef_construction=50
  ef_search sweep: [10, 20, 40, 60, 80, 100, 150, 200, 300, 500, 800]  (includes 100)
  Repetitions: 3, Warmup: 200

Loaded cached ground truth (1000 queries) from /mnt/c/pancake1.0.0/benchmark_results/cache/gt_dbpedia_l2_n50000_q1000_k10.bin

======================================================================
Config: pancake-wasm-int8
======================================================================
  [i8 wasm] build (M=16, ef_c=50, metric=l2)...
  [i8 wasm] build: 71.6s, memory: 86.3 MB

  ef_search=10
    rep 1: recall=84.70%  qps=4951  p50=0.195ms  p99=0.387ms
    rep 2: recall=84.70%  qps=4762  p50=0.203ms  p99=0.407ms
    rep 3: recall=84.70%  qps=4971  p50=0.194ms  p99=0.390ms
    summary: recall=84.70% (+/-0.00) qps=4895 (+/-94)

  ef_search=20
    rep 1: recall=91.14%  qps=3381  p50=0.290ms  p99=0.521ms
    rep 2: recall=91.14%  qps=3438  p50=0.289ms  p99=0.519ms
    rep 3: recall=91.14%  qps=3462  p50=0.287ms  p99=0.529ms
    summary: recall=91.14% (+/-0.00) qps=3427 (+/-34)

  ef_search=40
    rep 1: recall=94.58%  qps=2251  p50=0.450ms  p99=0.741ms
    rep 2: recall=94.58%  qps=2247  p50=0.454ms  p99=0.738ms
    rep 3: recall=94.58%  qps=2249  p50=0.453ms  p99=0.721ms
    summary: recall=94.58% (+/-0.00) qps=2249 (+/-2)

  ef_search=60
    rep 1: recall=95.85%  qps=1669  p50=0.610ms  p99=0.971ms
    rep 2: recall=95.85%  qps=1690  p50=0.599ms  p99=0.984ms
    rep 3: recall=95.85%  qps=1692  p50=0.605ms  p99=0.935ms
    summary: recall=95.85% (+/-0.00) qps=1683 (+/-10)

  ef_search=80
    rep 1: recall=96.32%  qps=1359  p50=0.750ms  p99=1.152ms
    rep 2: recall=96.32%  qps=1360  p50=0.749ms  p99=1.186ms
    rep 3: recall=96.32%  qps=1362  p50=0.744ms  p99=1.176ms
    summary: recall=96.32% (+/-0.00) qps=1360 (+/-1)

  ef_search=100
    rep 1: recall=96.70%  qps=1142  p50=0.895ms  p99=1.348ms
    rep 2: recall=96.70%  qps=1132  p50=0.898ms  p99=1.374ms
    rep 3: recall=96.70%  qps=1139  p50=0.886ms  p99=1.335ms
    summary: recall=96.70% (+/-0.00) qps=1138 (+/-5)

  ef_search=150
    rep 1: recall=97.03%  qps=831  p50=1.213ms  p99=1.812ms
    rep 2: recall=97.03%  qps=835  p50=1.205ms  p99=1.824ms
    rep 3: recall=97.03%  qps=834  p50=1.221ms  p99=1.835ms
    summary: recall=97.03% (+/-0.00) qps=833 (+/-2)

  ef_search=200
    rep 1: recall=97.23%  qps=662  p50=1.526ms  p99=2.266ms
    rep 2: recall=97.23%  qps=662  p50=1.530ms  p99=2.299ms
    rep 3: recall=97.23%  qps=662  p50=1.528ms  p99=2.301ms
    summary: recall=97.23% (+/-0.00) qps=662 (+/-0)

  ef_search=300
    rep 1: recall=97.40%  qps=476  p50=2.115ms  p99=3.115ms
    rep 2: recall=97.40%  qps=476  p50=2.109ms  p99=3.140ms
    rep 3: recall=97.40%  qps=476  p50=2.112ms  p99=3.143ms
    summary: recall=97.40% (+/-0.00) qps=476 (+/-0)

  ef_search=500
    rep 1: recall=97.55%  qps=313  p50=3.212ms  p99=4.676ms
    rep 2: recall=97.55%  qps=313  p50=3.191ms  p99=4.707ms
    rep 3: recall=97.55%  qps=312  p50=3.206ms  p99=4.756ms
    summary: recall=97.55% (+/-0.00) qps=313 (+/-0)

  ef_search=800
    rep 1: recall=97.58%  qps=211  p50=4.728ms  p99=6.808ms
    rep 2: recall=97.58%  qps=209  p50=4.768ms  p99=6.870ms
    rep 3: recall=97.58%  qps=211  p50=4.734ms  p99=6.895ms
    summary: recall=97.58% (+/-0.00) qps=210 (+/-1)

======================================================================
Config: pancake-wasm-f32
======================================================================
  [f32 wasm] build (M=16, ef_c=50, metric=l2)...
  [f32 wasm] build: 156.7s, memory: 299.4 MB

  ef_search=10
    rep 1: recall=86.54%  qps=3697  p50=0.259ms  p99=0.511ms
    rep 2: recall=86.54%  qps=3692  p50=0.260ms  p99=0.516ms
    rep 3: recall=86.54%  qps=3678  p50=0.261ms  p99=0.521ms
    summary: recall=86.54% (+/-0.00) qps=3689 (+/-8)

  ef_search=20
    rep 1: recall=92.64%  qps=2531  p50=0.390ms  p99=0.675ms
    rep 2: recall=92.64%  qps=2532  p50=0.394ms  p99=0.696ms
    rep 3: recall=92.64%  qps=2527  p50=0.395ms  p99=0.695ms
    summary: recall=92.64% (+/-0.00) qps=2530 (+/-2)

  ef_search=40
    rep 1: recall=96.47%  qps=1618  p50=0.625ms  p99=1.014ms
    rep 2: recall=96.47%  qps=1618  p50=0.626ms  p99=0.985ms
    rep 3: recall=96.47%  qps=1616  p50=0.623ms  p99=1.017ms
    summary: recall=96.47% (+/-0.00) qps=1617 (+/-1)

  ef_search=60
    rep 1: recall=97.70%  qps=1218  p50=0.837ms  p99=1.281ms
    rep 2: recall=97.70%  qps=1218  p50=0.843ms  p99=1.283ms
    rep 3: recall=97.70%  qps=1216  p50=0.833ms  p99=1.275ms
    summary: recall=97.70% (+/-0.00) qps=1217 (+/-1)

  ef_search=80
    rep 1: recall=98.36%  qps=983  p50=1.047ms  p99=1.567ms
    rep 2: recall=98.36%  qps=985  p50=1.038ms  p99=1.559ms
    rep 3: recall=98.36%  qps=986  p50=1.039ms  p99=1.571ms
    summary: recall=98.36% (+/-0.00) qps=984 (+/-1)

  ef_search=100
    rep 1: recall=98.83%  qps=832  p50=1.231ms  p99=1.832ms
    rep 2: recall=98.83%  qps=833  p50=1.228ms  p99=1.861ms
    rep 3: recall=98.83%  qps=833  p50=1.225ms  p99=1.879ms
    summary: recall=98.83% (+/-0.00) qps=833 (+/-0)

  ef_search=150
    rep 1: recall=99.23%  qps=608  p50=1.666ms  p99=2.511ms
    rep 2: recall=99.23%  qps=597  p50=1.701ms  p99=2.662ms
    rep 3: recall=99.23%  qps=604  p50=1.665ms  p99=2.562ms
    summary: recall=99.23% (+/-0.00) qps=603 (+/-5)

  ef_search=200
    rep 1: recall=99.41%  qps=471  p50=2.116ms  p99=3.294ms
    rep 2: recall=99.41%  qps=470  p50=2.141ms  p99=3.206ms
    rep 3: recall=99.41%  qps=480  p50=2.109ms  p99=3.159ms
    summary: recall=99.41% (+/-0.00) qps=474 (+/-4)

  ef_search=300
    rep 1: recall=99.67%  qps=346  p50=2.888ms  p99=4.347ms
    rep 2: recall=99.67%  qps=346  p50=2.885ms  p99=4.373ms
    rep 3: recall=99.67%  qps=350  p50=2.866ms  p99=4.330ms
    summary: recall=99.67% (+/-0.00) qps=347 (+/-2)

  ef_search=500
    rep 1: recall=99.84%  qps=229  p50=4.399ms  p99=6.468ms
    rep 2: recall=99.84%  qps=228  p50=4.413ms  p99=6.539ms
    rep 3: recall=99.84%  qps=228  p50=4.386ms  p99=6.482ms
    summary: recall=99.84% (+/-0.00) qps=228 (+/-0)

  ef_search=800
    rep 1: recall=99.90%  qps=155  p50=6.439ms  p99=9.332ms
    rep 2: recall=99.90%  qps=155  p50=6.424ms  p99=9.308ms
    rep 3: recall=99.90%  qps=155  p50=6.474ms  p99=9.413ms
    summary: recall=99.90% (+/-0.00) qps=155 (+/-0)

======================================================================
Config: pancake-native-int8
======================================================================
  [i8 native] build (M=16, ef_c=50, metric=l2)...
  [i8 native] build: 38.3s, memory: 86.3 MB

  ef_search=10
    rep 1: recall=85.05%  qps=6443  p50=0.149ms  p99=0.287ms
    rep 2: recall=85.05%  qps=6479  p50=0.150ms  p99=0.292ms
    rep 3: recall=85.05%  qps=6446  p50=0.149ms  p99=0.302ms
    summary: recall=85.05% (+/-0.00) qps=6456 (+/-16)

  ef_search=20
    rep 1: recall=91.05%  qps=4427  p50=0.222ms  p99=0.412ms
    rep 2: recall=91.05%  qps=4417  p50=0.225ms  p99=0.405ms
    rep 3: recall=91.05%  qps=4440  p50=0.223ms  p99=0.423ms
    summary: recall=91.05% (+/-0.00) qps=4428 (+/-10)

  ef_search=40
    rep 1: recall=94.62%  qps=2827  p50=0.356ms  p99=0.607ms
    rep 2: recall=94.62%  qps=2799  p50=0.350ms  p99=0.624ms
    rep 3: recall=94.62%  qps=2878  p50=0.350ms  p99=0.572ms
    summary: recall=94.62% (+/-0.00) qps=2835 (+/-33)

  ef_search=60
    rep 1: recall=95.90%  qps=2154  p50=0.470ms  p99=0.760ms
    rep 2: recall=95.90%  qps=2156  p50=0.467ms  p99=0.753ms
    rep 3: recall=95.90%  qps=2086  p50=0.478ms  p99=0.785ms
    summary: recall=95.90% (+/-0.00) qps=2132 (+/-32)

  ef_search=80
    rep 1: recall=96.31%  qps=1480  p50=0.688ms  p99=1.122ms
    rep 2: recall=96.31%  qps=1708  p50=0.593ms  p99=0.922ms
    rep 3: recall=96.31%  qps=1691  p50=0.589ms  p99=0.960ms
    summary: recall=96.31% (+/-0.00) qps=1626 (+/-104)

  ef_search=100
    rep 1: recall=96.69%  qps=1434  p50=0.708ms  p99=1.112ms
    rep 2: recall=96.69%  qps=1430  p50=0.712ms  p99=1.102ms
    rep 3: recall=96.69%  qps=1435  p50=0.712ms  p99=1.093ms
    summary: recall=96.69% (+/-0.00) qps=1433 (+/-2)

  ef_search=150
    rep 1: recall=97.04%  qps=1000  p50=0.998ms  p99=1.770ms
    rep 2: recall=97.04%  qps=1045  p50=0.975ms  p99=1.461ms
    rep 3: recall=97.04%  qps=1038  p50=0.976ms  p99=1.501ms
    summary: recall=97.04% (+/-0.00) qps=1028 (+/-20)

  ef_search=200
    rep 1: recall=97.22%  qps=829  p50=1.217ms  p99=1.853ms
    rep 2: recall=97.22%  qps=830  p50=1.215ms  p99=1.824ms
    rep 3: recall=97.22%  qps=828  p50=1.220ms  p99=1.806ms
    summary: recall=97.22% (+/-0.00) qps=829 (+/-1)

  ef_search=300
    rep 1: recall=97.37%  qps=598  p50=1.678ms  p99=2.513ms
    rep 2: recall=97.37%  qps=598  p50=1.689ms  p99=2.527ms
    rep 3: recall=97.37%  qps=602  p50=1.661ms  p99=2.505ms
    summary: recall=97.37% (+/-0.00) qps=600 (+/-2)

  ef_search=500
    rep 1: recall=97.53%  qps=399  p50=2.507ms  p99=3.678ms
    rep 2: recall=97.53%  qps=393  p50=2.545ms  p99=3.814ms
    rep 3: recall=97.53%  qps=398  p50=2.517ms  p99=3.691ms
    summary: recall=97.53% (+/-0.00) qps=397 (+/-3)

  ef_search=800
    rep 1: recall=97.56%  qps=272  p50=3.660ms  p99=5.311ms
    rep 2: recall=97.56%  qps=272  p50=3.686ms  p99=5.304ms
    rep 3: recall=97.56%  qps=271  p50=3.695ms  p99=5.332ms
    summary: recall=97.56% (+/-0.00) qps=272 (+/-0)

======================================================================
Config: pancake-native-f32
======================================================================
  [f32 native] build (M=16, ef_c=50, metric=l2)...
  [f32 native] build: 94.8s, memory: 299.3 MB

  ef_search=10
    rep 1: recall=86.54%  qps=4709  p50=0.204ms  p99=0.421ms
    rep 2: recall=86.54%  qps=4686  p50=0.204ms  p99=0.424ms
    rep 3: recall=86.54%  qps=4245  p50=0.221ms  p99=0.508ms
    summary: recall=86.54% (+/-0.00) qps=4547 (+/-213)

  ef_search=20
    rep 1: recall=92.64%  qps=3167  p50=0.312ms  p99=0.556ms
    rep 2: recall=92.64%  qps=3187  p50=0.312ms  p99=0.565ms
    rep 3: recall=92.64%  qps=3182  p50=0.310ms  p99=0.554ms
    summary: recall=92.64% (+/-0.00) qps=3179 (+/-9)

  ef_search=40
    rep 1: recall=96.47%  qps=2021  p50=0.500ms  p99=0.812ms
    rep 2: recall=96.47%  qps=2017  p50=0.501ms  p99=0.802ms
    rep 3: recall=96.47%  qps=2003  p50=0.507ms  p99=0.823ms
    summary: recall=96.47% (+/-0.00) qps=2013 (+/-8)

  ef_search=60
    rep 1: recall=97.70%  qps=1501  p50=0.671ms  p99=1.039ms
    rep 2: recall=97.70%  qps=1512  p50=0.674ms  p99=1.036ms
    rep 3: recall=97.70%  qps=1495  p50=0.672ms  p99=1.068ms
    summary: recall=97.70% (+/-0.00) qps=1503 (+/-7)

  ef_search=80
    rep 1: recall=98.36%  qps=1219  p50=0.841ms  p99=1.280ms
    rep 2: recall=98.36%  qps=1214  p50=0.828ms  p99=1.295ms
    rep 3: recall=98.36%  qps=1216  p50=0.840ms  p99=1.262ms
    summary: recall=98.36% (+/-0.00) qps=1216 (+/-2)

  ef_search=100
    rep 1: recall=98.83%  qps=1030  p50=0.988ms  p99=1.494ms
    rep 2: recall=98.83%  qps=1029  p50=0.987ms  p99=1.497ms
    rep 3: recall=98.83%  qps=1035  p50=0.980ms  p99=1.497ms
    summary: recall=98.83% (+/-0.00) qps=1031 (+/-2)

  ef_search=150
    rep 1: recall=99.23%  qps=758  p50=1.329ms  p99=2.011ms
    rep 2: recall=99.23%  qps=706  p50=1.392ms  p99=3.304ms
    rep 3: recall=99.23%  qps=752  p50=1.341ms  p99=2.085ms
    summary: recall=99.23% (+/-0.00) qps=739 (+/-23)

  ef_search=200
    rep 1: recall=99.41%  qps=602  p50=1.672ms  p99=2.530ms
    rep 2: recall=99.41%  qps=601  p50=1.680ms  p99=2.510ms
    rep 3: recall=99.41%  qps=601  p50=1.680ms  p99=2.531ms
    summary: recall=99.41% (+/-0.00) qps=602 (+/-0)

  ef_search=300
    rep 1: recall=99.67%  qps=433  p50=2.330ms  p99=3.412ms
    rep 2: recall=99.67%  qps=433  p50=2.327ms  p99=3.453ms
    rep 3: recall=99.67%  qps=435  p50=2.304ms  p99=3.453ms
    summary: recall=99.67% (+/-0.00) qps=433 (+/-1)

  ef_search=500
    rep 1: recall=99.84%  qps=285  p50=3.516ms  p99=5.208ms
    rep 2: recall=99.84%  qps=285  p50=3.514ms  p99=5.185ms
    rep 3: recall=99.84%  qps=285  p50=3.503ms  p99=5.207ms
    summary: recall=99.84% (+/-0.00) qps=285 (+/-0)

  ef_search=800
    rep 1: recall=99.90%  qps=194  p50=5.155ms  p99=7.409ms
    rep 2: recall=99.90%  qps=194  p50=5.159ms  p99=7.440ms
    rep 3: recall=99.90%  qps=192  p50=5.199ms  p99=7.574ms
    summary: recall=99.90% (+/-0.00) qps=193 (+/-1)

======================================================================
Config: usearch-i8
======================================================================
  [usearch-i8] build (connectivity=16, expansion_add=50, metric=l2sq, quantization=i8)...
  [usearch-i8] build: 16.9s (saved to /mnt/c/pancake1.0.0/benchmark_results/_usearch_i8_2026-06-27T01-01-44-303Z.bin)

  ef_search=10
    rep 1: recall=76.08%  qps=7042  p50=0.135ms  p99=0.262ms
    rep 2: recall=76.08%  qps=7171  p50=0.133ms  p99=0.295ms
    rep 3: recall=76.08%  qps=7141  p50=0.132ms  p99=0.279ms
    summary: recall=76.08% (+/-0.00) qps=7118 (+/-55)

  ef_search=20
    rep 1: recall=83.08%  qps=4533  p50=0.212ms  p99=0.419ms
    rep 2: recall=83.08%  qps=4975  p50=0.193ms  p99=0.382ms
    rep 3: recall=83.08%  qps=4958  p50=0.195ms  p99=0.408ms
    summary: recall=83.08% (+/-0.00) qps=4822 (+/-205)

  ef_search=40
    rep 1: recall=86.80%  qps=3181  p50=0.309ms  p99=0.525ms
    rep 2: recall=86.80%  qps=3253  p50=0.300ms  p99=0.528ms
    rep 3: recall=86.80%  qps=3254  p50=0.307ms  p99=0.489ms
    summary: recall=86.80% (+/-0.00) qps=3229 (+/-34)

  ef_search=60
    rep 1: recall=87.94%  qps=2418  p50=0.413ms  p99=0.619ms
    rep 2: recall=87.94%  qps=2367  p50=0.419ms  p99=0.667ms
    rep 3: recall=87.94%  qps=2347  p50=0.424ms  p99=0.667ms
    summary: recall=87.94% (+/-0.00) qps=2377 (+/-30)

  ef_search=80
    rep 1: recall=88.58%  qps=1917  p50=0.525ms  p99=0.820ms
    rep 2: recall=88.58%  qps=1913  p50=0.525ms  p99=0.812ms
    rep 3: recall=88.58%  qps=1899  p50=0.527ms  p99=0.871ms
    summary: recall=88.58% (+/-0.00) qps=1910 (+/-8)

  ef_search=100
    rep 1: recall=88.91%  qps=1439  p50=0.689ms  p99=1.178ms
    rep 2: recall=88.91%  qps=1322  p50=0.765ms  p99=1.150ms
    rep 3: recall=88.91%  qps=1400  p50=0.722ms  p99=1.106ms
    summary: recall=88.91% (+/-0.00) qps=1387 (+/-49)

  ef_search=150
    rep 1: recall=89.15%  qps=1147  p50=0.884ms  p99=1.288ms
    rep 2: recall=89.15%  qps=1141  p50=0.887ms  p99=1.282ms
    rep 3: recall=89.15%  qps=1163  p50=0.870ms  p99=1.298ms
    summary: recall=89.15% (+/-0.00) qps=1151 (+/-9)

  ef_search=200
    rep 1: recall=89.37%  qps=925  p50=1.091ms  p99=1.698ms
    rep 2: recall=89.37%  qps=949  p50=1.068ms  p99=1.478ms
    rep 3: recall=89.37%  qps=969  p50=1.044ms  p99=1.445ms
    summary: recall=89.37% (+/-0.00) qps=948 (+/-18)

  ef_search=300
    rep 1: recall=89.57%  qps=694  p50=1.450ms  p99=2.004ms
    rep 2: recall=89.57%  qps=689  p50=1.472ms  p99=2.029ms
    rep 3: recall=89.57%  qps=695  p50=1.451ms  p99=2.035ms
    summary: recall=89.57% (+/-0.00) qps=693 (+/-3)

  ef_search=500
    rep 1: recall=89.72%  qps=461  p50=2.188ms  p99=3.031ms
    rep 2: recall=89.72%  qps=460  p50=2.188ms  p99=2.963ms
    rep 3: recall=89.72%  qps=455  p50=2.215ms  p99=2.992ms
    summary: recall=89.72% (+/-0.00) qps=458 (+/-3)

  ef_search=800
    rep 1: recall=89.80%  qps=312  p50=3.229ms  p99=4.339ms
    rep 2: recall=89.80%  qps=311  p50=3.215ms  p99=4.357ms
    rep 3: recall=89.80%  qps=313  p50=3.190ms  p99=4.307ms
    summary: recall=89.80% (+/-0.00) qps=312 (+/-1)

======================================================================
Config: usearch-f32
======================================================================
  [usearch-f32] build (connectivity=16, expansion_add=50, metric=l2sq, quantization=f32)...
  [usearch-f32] build: 44.5s (saved to /mnt/c/pancake1.0.0/benchmark_results/_usearch_f32_2026-06-27T01-01-44-303Z.bin)

  ef_search=10
    rep 1: recall=80.31%  qps=2600  p50=0.312ms  p99=1.619ms
    rep 2: recall=80.31%  qps=3323  p50=0.290ms  p99=0.531ms
    rep 3: recall=80.31%  qps=3337  p50=0.291ms  p99=0.550ms
    summary: recall=80.31% (+/-0.00) qps=3086 (+/-344)

  ef_search=20
    rep 1: recall=89.58%  qps=2282  p50=0.428ms  p99=0.717ms
    rep 2: recall=89.58%  qps=2293  p50=0.429ms  p99=0.776ms
    rep 3: recall=89.58%  qps=2252  p50=0.431ms  p99=0.755ms
    summary: recall=89.58% (+/-0.00) qps=2276 (+/-17)

  ef_search=40
    rep 1: recall=94.68%  qps=1477  p50=0.681ms  p99=1.000ms
    rep 2: recall=94.68%  qps=1464  p50=0.683ms  p99=1.034ms
    rep 3: recall=94.68%  qps=1459  p50=0.690ms  p99=1.025ms
    summary: recall=94.68% (+/-0.00) qps=1467 (+/-7)

  ef_search=60
    rep 1: recall=96.37%  qps=1087  p50=0.930ms  p99=1.309ms
    rep 2: recall=96.37%  qps=1079  p50=0.930ms  p99=1.406ms
    rep 3: recall=96.37%  qps=1108  p50=0.907ms  p99=1.303ms
    summary: recall=96.37% (+/-0.00) qps=1091 (+/-12)

  ef_search=80
    rep 1: recall=97.64%  qps=905  p50=1.125ms  p99=1.621ms
    rep 2: recall=97.64%  qps=904  p50=1.135ms  p99=1.582ms
    rep 3: recall=97.64%  qps=899  p50=1.135ms  p99=1.607ms
    summary: recall=97.64% (+/-0.00) qps=903 (+/-3)

  ef_search=100
    rep 1: recall=98.19%  qps=775  p50=1.315ms  p99=1.800ms
    rep 2: recall=98.19%  qps=776  p50=1.315ms  p99=1.800ms
    rep 3: recall=98.19%  qps=780  p50=1.320ms  p99=1.797ms
    summary: recall=98.19% (+/-0.00) qps=777 (+/-2)

  ef_search=150
    rep 1: recall=98.87%  qps=571  p50=1.780ms  p99=2.497ms
    rep 2: recall=98.87%  qps=573  p50=1.776ms  p99=2.451ms
    rep 3: recall=98.87%  qps=565  p50=1.792ms  p99=2.499ms
    summary: recall=98.87% (+/-0.00) qps=570 (+/-3)

  ef_search=200
    rep 1: recall=99.13%  qps=462  p50=2.187ms  p99=3.007ms
    rep 2: recall=99.13%  qps=452  p50=2.235ms  p99=3.097ms
    rep 3: recall=99.13%  qps=453  p50=2.239ms  p99=3.121ms
    summary: recall=99.13% (+/-0.00) qps=455 (+/-5)

  ef_search=300
    rep 1: recall=99.43%  qps=332  p50=3.029ms  p99=4.204ms
    rep 2: recall=99.43%  qps=330  p50=3.042ms  p99=4.233ms
    rep 3: recall=99.43%  qps=327  p50=3.098ms  p99=4.332ms
    summary: recall=99.43% (+/-0.00) qps=330 (+/-2)

  ef_search=500
    rep 1: recall=99.75%  qps=219  p50=4.562ms  p99=6.404ms
    rep 2: recall=99.75%  qps=216  p50=4.635ms  p99=6.403ms
    rep 3: recall=99.75%  qps=218  p50=4.617ms  p99=6.400ms
    summary: recall=99.75% (+/-0.00) qps=218 (+/-1)

  ef_search=800
    rep 1: recall=99.90%  qps=150  p50=6.683ms  p99=9.164ms
    rep 2: recall=99.90%  qps=151  p50=6.646ms  p99=9.037ms
    rep 3: recall=99.90%  qps=151  p50=6.625ms  p99=9.013ms
    summary: recall=99.90% (+/-0.00) qps=151 (+/-0)

======================================================================
Config: hnswlib-f32
======================================================================
  [hnswlib-f32] build (M=16, ef_c=50, metric=l2)...
  [hnswlib-f32] build: 41.2s

  ef_search=10
    rep 1: recall=79.97%  qps=3075  p50=0.314ms  p99=0.519ms
    rep 2: recall=79.97%  qps=3085  p50=0.315ms  p99=0.517ms
    rep 3: recall=79.97%  qps=3061  p50=0.317ms  p99=0.550ms
    summary: recall=79.97% (+/-0.00) qps=3074 (+/-10)

  ef_search=20
    rep 1: recall=89.14%  qps=2290  p50=0.427ms  p99=0.736ms
    rep 2: recall=89.14%  qps=2415  p50=0.407ms  p99=0.638ms
    rep 3: recall=89.14%  qps=2343  p50=0.420ms  p99=0.686ms
    summary: recall=89.14% (+/-0.00) qps=2349 (+/-51)

  ef_search=40
    rep 1: recall=94.87%  qps=1717  p50=0.583ms  p99=0.849ms
    rep 2: recall=94.87%  qps=1727  p50=0.570ms  p99=0.834ms
    rep 3: recall=94.87%  qps=1745  p50=0.572ms  p99=0.835ms
    summary: recall=94.87% (+/-0.00) qps=1730 (+/-12)

  ef_search=60
    rep 1: recall=96.51%  qps=1391  p50=0.727ms  p99=1.003ms
    rep 2: recall=96.51%  qps=1388  p50=0.727ms  p99=1.029ms
    rep 3: recall=96.51%  qps=1390  p50=0.727ms  p99=1.016ms
    summary: recall=96.51% (+/-0.00) qps=1390 (+/-1)

  ef_search=80
    rep 1: recall=97.67%  qps=1172  p50=0.862ms  p99=1.192ms
    rep 2: recall=97.67%  qps=1168  p50=0.867ms  p99=1.215ms
    rep 3: recall=97.67%  qps=1178  p50=0.861ms  p99=1.216ms
    summary: recall=97.67% (+/-0.00) qps=1173 (+/-4)

  ef_search=100
    rep 1: recall=98.20%  qps=1015  p50=1.002ms  p99=1.368ms
    rep 2: recall=98.20%  qps=1015  p50=1.008ms  p99=1.352ms
    rep 3: recall=98.20%  qps=1016  p50=0.997ms  p99=1.366ms
    summary: recall=98.20% (+/-0.00) qps=1015 (+/-1)

  ef_search=150
    rep 1: recall=98.90%  qps=775  p50=1.307ms  p99=1.799ms
    rep 2: recall=98.90%  qps=774  p50=1.311ms  p99=1.839ms
    rep 3: recall=98.90%  qps=762  p50=1.324ms  p99=1.940ms
    summary: recall=98.90% (+/-0.00) qps=770 (+/-6)

  ef_search=200
    rep 1: recall=99.18%  qps=630  p50=1.602ms  p99=2.227ms
    rep 2: recall=99.18%  qps=630  p50=1.606ms  p99=2.201ms
    rep 3: recall=99.18%  qps=628  p50=1.603ms  p99=2.287ms
    summary: recall=99.18% (+/-0.00) qps=629 (+/-1)

  ef_search=300
    rep 1: recall=99.50%  qps=466  p50=2.163ms  p99=3.011ms
    rep 2: recall=99.50%  qps=465  p50=2.162ms  p99=2.986ms
    rep 3: recall=99.50%  qps=467  p50=2.151ms  p99=3.016ms
    summary: recall=99.50% (+/-0.00) qps=466 (+/-1)

  ef_search=500
    rep 1: recall=99.76%  qps=312  p50=3.218ms  p99=4.441ms
    rep 2: recall=99.76%  qps=309  p50=3.253ms  p99=4.469ms
    rep 3: recall=99.76%  qps=310  p50=3.242ms  p99=4.474ms
    summary: recall=99.76% (+/-0.00) qps=310 (+/-1)

  ef_search=800
    rep 1: recall=99.86%  qps=210  p50=4.775ms  p99=6.505ms
    rep 2: recall=99.86%  qps=212  p50=4.729ms  p99=6.400ms
    rep 3: recall=99.86%  qps=210  p50=4.750ms  p99=6.427ms
    summary: recall=99.86% (+/-0.00) qps=211 (+/-1)

======================================================================
Pareto frontiers (non-dominated QPS-recall points)
======================================================================

  pancake-wasm-int8
       ef    recall        qps
       10    84.70%       4895
       20    91.14%       3427
       40    94.58%       2249
       60    95.85%       1683
       80    96.32%       1360
      100    96.70%       1138
      150    97.03%        833
      200    97.23%        662
      300    97.40%        476
      500    97.55%        313
      800    97.58%        210

  pancake-wasm-f32
       ef    recall        qps
       10    86.54%       3689
       20    92.64%       2530
       40    96.47%       1617
       60    97.70%       1217
       80    98.36%        984
      100    98.83%        833
      150    99.23%        603
      200    99.41%        474
      300    99.67%        347
      500    99.84%        228
      800    99.90%        155

  pancake-native-int8
       ef    recall        qps
       10    85.05%       6456
       20    91.05%       4428
       40    94.62%       2835
       60    95.90%       2132
       80    96.31%       1626
      100    96.69%       1433
      150    97.04%       1028
      200    97.22%        829
      300    97.37%        600
      500    97.53%        397
      800    97.56%        272

  pancake-native-f32
       ef    recall        qps
       10    86.54%       4547
       20    92.64%       3179
       40    96.47%       2013
       60    97.70%       1503
       80    98.36%       1216
      100    98.83%       1031
      150    99.23%        739
      200    99.41%        602
      300    99.67%        433
      500    99.84%        285
      800    99.90%        193

  usearch-i8
       ef    recall        qps
       10    76.08%       7118
       20    83.08%       4822
       40    86.80%       3229
       60    87.94%       2377
       80    88.58%       1910
      100    88.91%       1387
      150    89.15%       1151
      200    89.37%        948
      300    89.57%        693
      500    89.72%        458
      800    89.80%        312

  usearch-f32
       ef    recall        qps
       10    80.31%       3086
       20    89.58%       2276
       40    94.68%       1467
       60    96.37%       1091
       80    97.64%        903
      100    98.19%        777
      150    98.87%        570
      200    99.13%        455
      300    99.43%        330
      500    99.75%        218
      800    99.90%        151

  hnswlib-f32
       ef    recall        qps
       10    79.97%       3074
       20    89.14%       2349
       40    94.87%       1730
       60    96.51%       1390
       80    97.67%       1173
      100    98.20%       1015
      150    98.90%        770
      200    99.18%        629
      300    99.50%        466
      500    99.76%        310
      800    99.86%        211

======================================================================
Interpolated equal-recall QPS (log-linear along each frontier)
  Blank = recall target outside that library's frontier span.
======================================================================

   recall   pancake-wasm-int8    pancake-wasm-f32 pancake-native-int8  pancake-native-f32          usearch-i8         usearch-f32         hnswlib-f32
  ---------------------------------------------------------------------------------------------------------------------------------------------------
    80.0%                 n/a                 n/a                 n/a                 n/a                5723                 n/a                3071
    85.0%                4814                 n/a                 n/a                 n/a                3921                2646                2652
    90.0%                3650                2978                4730                3711                 n/a                2195                2244
    92.5%                2901                2552                3694                3205                 n/a                1770                1963
    95.0%                2043                1920                2605                2399                 n/a                1387                1700
    96.5%                1250                1606                1527                1999                 n/a                1070                1392
    98.0%                 n/a                1105                 n/a                1365                 n/a                 818                1072
    99.0%                 n/a                 726                 n/a                 895                 n/a                 509                 717
    99.5%                 n/a                 426                 n/a                 537                 n/a                 301                 466

======================================================================
Outputs:
  log:            /mnt/c/pancake1.0.0/benchmark_results/pareto_2026-06-27T01-01-44-303Z.log
  json:           /mnt/c/pancake1.0.0/benchmark_results/pareto_2026-06-27T01-01-44-303Z.json
  raw sweep csv:  /mnt/c/pancake1.0.0/benchmark_results/pareto_2026-06-27T01-01-44-303Z.csv
  frontier csv:   /mnt/c/pancake1.0.0/benchmark_results/pareto_2026-06-27T01-01-44-303Z_frontier.csv
  equal-recall:   /mnt/c/pancake1.0.0/benchmark_results/pareto_2026-06-27T01-01-44-303Z_equalrecall.csv

Plot with:
  python3 benchmarks/plot_pareto.py /mnt/c/pancake1.0.0/benchmark_results/pareto_2026-06-27T01-01-44-303Z.csv
