Loading dataset from /mnt/c/pancake1.0.0/sift...
  Loading /mnt/c/pancake1.0.0/sift/sift_base.fvecs...
  Loading /mnt/c/pancake1.0.0/sift/sift_query.fvecs...
  Loading /mnt/c/pancake1.0.0/sift/sift_groundtruth.ivecs...
  Train: 1000000 vectors, 128D
  Test:  10000 queries

============================================================
SIFT-1M Benchmark
1000000 vectors, 128D, 10000 queries, k=10
M=8, efConstruction=50, efSearch=100
============================================================

  Pancake Int8 (WASM)
  Building index...
    100000/1000000
    200000/1000000
    300000/1000000
    400000/1000000
    500000/1000000
    600000/1000000
    700000/1000000
    800000/1000000
    900000/1000000
    1000000/1000000
    Build: 355.0s
  Searching...

============================================================
Results
============================================================

  Pancake Int8 (WASM):
    Build time:  355.0s
    Index size:  262 MB
    Recall@10:  92.5%
    QPS:         2040
    p50 latency: 0.479 ms
    p99 latency: 0.920 ms

Results saved to:
  /mnt/c/pancake1.0.0/benchmark_results/sift1m_2026-06-23T06-31-26-697Z.log
  /mnt/c/pancake1.0.0/benchmark_results/sift1m_2026-06-23T06-31-26-697Z.json
